C:\laragon\www
λ mysql -u root -p
Enter password:
Welcome to the MySQL monitor.  Commands end with ; or \g.
Your MySQL connection id is 152
Server version: 8.0.30 MySQL Community Server - GPL

Copyright (c) 2000, 2022, Oracle and/or its affiliates.

Oracle is a registered trademark of Oracle Corporation and/or its
affiliates. Other names may be trademarks of their respective
owners.

Type 'help;' or '\h' for help. Type '\c' to clear the current input statement.


mysql> source D:\Profiling-Training-Test\sql\mysqlsampledatabase
ERROR:
Failed to open file 'D:\Profiling-Training-Test\sql\mysqlsampledatabase', error: 13
mysql> source D:\Profiling-Training-Test\sql\mysqlsampledatabase\mysqlsampledatabase.sql
Query OK, 0 rows affected, 1 warning (0.00 sec)

Query OK, 0 rows affected (0.00 sec)

Query OK, 0 rows affected (0.00 sec)

Query OK, 0 rows affected (0.00 sec)

Query OK, 0 rows affected (0.00 sec)

Query OK, 0 rows affected (0.00 sec)

Query OK, 1 row affected (0.04 sec)

Database changed
Query OK, 0 rows affected (0.03 sec)

Query OK, 0 rows affected, 2 warnings (0.10 sec)

Query OK, 122 rows affected (0.01 sec)
Records: 122  Duplicates: 0  Warnings: 0

Query OK, 0 rows affected (0.03 sec)

Query OK, 0 rows affected, 2 warnings (0.06 sec)

Query OK, 23 rows affected (0.01 sec)
Records: 23  Duplicates: 0  Warnings: 0

Query OK, 0 rows affected (0.01 sec)

Query OK, 0 rows affected (0.03 sec)

Query OK, 7 rows affected (0.01 sec)
Records: 7  Duplicates: 0  Warnings: 0

Query OK, 0 rows affected (0.02 sec)

Query OK, 0 rows affected, 3 warnings (0.05 sec)

Query OK, 2996 rows affected (0.12 sec)
Records: 2996  Duplicates: 0  Warnings: 0

Query OK, 0 rows affected (0.02 sec)

Query OK, 0 rows affected, 2 warnings (0.06 sec)

Query OK, 326 rows affected (0.03 sec)
Records: 326  Duplicates: 0  Warnings: 0

Query OK, 0 rows affected (0.03 sec)

Query OK, 0 rows affected, 1 warning (0.02 sec)

Query OK, 273 rows affected (0.01 sec)
Records: 273  Duplicates: 0  Warnings: 0

Query OK, 0 rows affected (0.02 sec)

Query OK, 0 rows affected (0.03 sec)

Query OK, 7 rows affected (0.01 sec)
Records: 7  Duplicates: 0  Warnings: 0

Query OK, 0 rows affected (0.02 sec)

Query OK, 0 rows affected, 1 warning (0.05 sec)

Query OK, 110 rows affected (0.01 sec)
Records: 110  Duplicates: 0  Warnings: 0

Query OK, 0 rows affected (0.00 sec)

Query OK, 0 rows affected (0.00 sec)

Query OK, 0 rows affected (0.00 sec)

Query OK, 0 rows affected (0.00 sec)

mysql> show databases;
+--------------------+
| Database           |
+--------------------+
| classicmodels      |
| information_schema |
| mysql              |
| performance_schema |
| sys                |
+--------------------+
5 rows in set (0.00 sec)

mysql> SELECT  first_name, last_name FROM  employees;
ERROR 1054 (42S22): Unknown column 'first_name' in 'field list'
mysql> select classicmodels
    ->
    -> ;
ERROR 1054 (42S22): Unknown column 'classicmodels' in 'field list'
mysql> USE classicmodels;
Database changed
mysql> SELECT  first_name, last_name FROM  employees;
ERROR 1054 (42S22): Unknown column 'first_name' in 'field list'
mysql> select first_name, last_name from employees;
ERROR 1054 (42S22): Unknown column 'first_name' in 'field list'
mysql> select firstName, lastName from employees;
+-----------+-----------+
| firstName | lastName  |
+-----------+-----------+
| Diane     | Murphy    |
| Mary      | Patterson |
| Jeff      | Firrelli  |
| William   | Patterson |
| Gerard    | Bondur    |
| Anthony   | Bow       |
| Leslie    | Jennings  |
| Leslie    | Thompson  |
| Julie     | Firrelli  |
| Steve     | Patterson |
| Foon Yue  | Tseng     |
| George    | Vanauf    |
| Loui      | Bondur    |
| Gerard    | Hernandez |
| Pamela    | Castillo  |
| Larry     | Bott      |
| Barry     | Jones     |
| Andy      | Fixter    |
| Peter     | Marsh     |
| Tom       | King      |
| Mami      | Nishi     |
| Yoshimi   | Kato      |
| Martin    | Gerard    |
+-----------+-----------+
23 rows in set (0.00 sec)

mysql> update employess set salary = salary * 1.05
    -> ;
ERROR 1146 (42S02): Table 'classicmodels.employess' doesn't exist
mysql> update employees set salary = salary * 1.05;
ERROR 1054 (42S22): Unknown column 'salary' in 'field list'
mysql> update employees set salary = salary*1.05 where salary < 3000;
ERROR 1054 (42S22): Unknown column 'salary' in 'where clause'
mysql> select * from employees;
+----------------+-----------+-----------+-----------+---------------------------------+------------+-----------+----------------------+
| employeeNumber | lastName  | firstName | extension | email
         | officeCode | reportsTo | jobTitle             |
+----------------+-----------+-----------+-----------+---------------------------------+------------+-----------+----------------------+
|           1002 | Murphy    | Diane     | x5800     | dmurphy@classicmodelcars.com    | 1          |      NULL | President            |
|           1056 | Patterson | Mary      | x4611     | mpatterso@classicmodelcars.com  | 1          |      1002 | VP Sales             |
|           1076 | Firrelli  | Jeff      | x9273     | jfirrelli@classicmodelcars.com  | 1          |      1002 | VP Marketing         |
|           1088 | Patterson | William   | x4871     | wpatterson@classicmodelcars.com | 6          |      1056 | Sales Manager (APAC) |
|           1102 | Bondur    | Gerard    | x5408     | gbondur@classicmodelcars.com    | 4          |      1056 | Sale Manager (EMEA)  |
|           1143 | Bow       | Anthony   | x5428     | abow@classicmodelcars.com       | 1          |      1056 | Sales Manager (NA)   |
|           1165 | Jennings  | Leslie    | x3291     | ljennings@classicmodelcars.com  | 1          |      1143 | Sales Rep            |
|           1166 | Thompson  | Leslie    | x4065     | lthompson@classicmodelcars.com  | 1          |      1143 | Sales Rep            |
|           1188 | Firrelli  | Julie     | x2173     | jfirrelli@classicmodelcars.com  | 2          |      1143 | Sales Rep            |
|           1216 | Patterson | Steve     | x4334     | spatterson@classicmodelcars.com | 2          |      1143 | Sales Rep            |
|           1286 | Tseng     | Foon Yue  | x2248     | ftseng@classicmodelcars.com     | 3          |      1143 | Sales Rep            |
|           1323 | Vanauf    | George    | x4102     | gvanauf@classicmodelcars.com    | 3          |      1143 | Sales Rep            |
|           1337 | Bondur    | Loui      | x6493     | lbondur@classicmodelcars.com    | 4          |      1102 | Sales Rep            |
|           1370 | Hernandez | Gerard    | x2028     | ghernande@classicmodelcars.com  | 4          |      1102 | Sales Rep            |
|           1401 | Castillo  | Pamela    | x2759     | pcastillo@classicmodelcars.com  | 4          |      1102 | Sales Rep            |
|           1501 | Bott      | Larry     | x2311     | lbott@classicmodelcars.com      | 7          |      1102 | Sales Rep            |
|           1504 | Jones     | Barry     | x102      | bjones@classicmodelcars.com     | 7          |      1102 | Sales Rep            |
|           1611 | Fixter    | Andy      | x101      | afixter@classicmodelcars.com    | 6          |      1088 | Sales Rep            |
|           1612 | Marsh     | Peter     | x102      | pmarsh@classicmodelcars.com     | 6          |      1088 | Sales Rep            |
|           1619 | King      | Tom       | x103      | tking@classicmodelcars.com      | 6          |      1088 | Sales Rep            |
|           1621 | Nishi     | Mami      | x101      | mnishi@classicmodelcars.com     | 5          |      1056 | Sales Rep            |
|           1625 | Kato      | Yoshimi   | x102      | ykato@classicmodelcars.com      | 5          |      1621 | Sales Rep            |
|           1702 | Gerard    | Martin    | x2312     | mgerard@classicmodelcars.com    | 4          |      1102 | Sales Rep            |
+----------------+-----------+-----------+-----------+---------------------------------+------------+-----------+----------------------+
23 rows in set (0.00 sec)

mysql> select employeeNumber, firstName, lastName, jobTittle from employees;
ERROR 1054 (42S22): Unknown column 'jobTittle' in 'field list'
mysql> select employeeNumber, firstName, lastName, jobTitle from employees;
+----------------+-----------+-----------+----------------------+
| employeeNumber | firstName | lastName  | jobTitle             |
+----------------+-----------+-----------+----------------------+
|           1002 | Diane     | Murphy    | President            |
|           1056 | Mary      | Patterson | VP Sales             |
|           1076 | Jeff      | Firrelli  | VP Marketing         |
|           1088 | William   | Patterson | Sales Manager (APAC) |
|           1102 | Gerard    | Bondur    | Sale Manager (EMEA)  |
|           1143 | Anthony   | Bow       | Sales Manager (NA)   |
|           1165 | Leslie    | Jennings  | Sales Rep            |
|           1166 | Leslie    | Thompson  | Sales Rep            |
|           1188 | Julie     | Firrelli  | Sales Rep            |
|           1216 | Steve     | Patterson | Sales Rep            |
|           1286 | Foon Yue  | Tseng     | Sales Rep            |
|           1323 | George    | Vanauf    | Sales Rep            |
|           1337 | Loui      | Bondur    | Sales Rep            |
|           1370 | Gerard    | Hernandez | Sales Rep            |
|           1401 | Pamela    | Castillo  | Sales Rep            |
|           1501 | Larry     | Bott      | Sales Rep            |
|           1504 | Barry     | Jones     | Sales Rep            |
|           1611 | Andy      | Fixter    | Sales Rep            |
|           1612 | Peter     | Marsh     | Sales Rep            |
|           1619 | Tom       | King      | Sales Rep            |
|           1621 | Mami      | Nishi     | Sales Rep            |
|           1625 | Yoshimi   | Kato      | Sales Rep            |
|           1702 | Martin    | Gerard    | Sales Rep            |
+----------------+-----------+-----------+----------------------+
23 rows in set (0.00 sec)

mysql> select employeeNumber, firstName, lastName, jobTitle from employees order by firstName;
+----------------+-----------+-----------+----------------------+
| employeeNumber | firstName | lastName  | jobTitle             |
+----------------+-----------+-----------+----------------------+
|           1611 | Andy      | Fixter    | Sales Rep            |
|           1143 | Anthony   | Bow       | Sales Manager (NA)   |
|           1504 | Barry     | Jones     | Sales Rep            |
|           1002 | Diane     | Murphy    | President            |
|           1286 | Foon Yue  | Tseng     | Sales Rep            |
|           1323 | George    | Vanauf    | Sales Rep            |
|           1102 | Gerard    | Bondur    | Sale Manager (EMEA)  |
|           1370 | Gerard    | Hernandez | Sales Rep            |
|           1076 | Jeff      | Firrelli  | VP Marketing         |
|           1188 | Julie     | Firrelli  | Sales Rep            |
|           1501 | Larry     | Bott      | Sales Rep            |
|           1165 | Leslie    | Jennings  | Sales Rep            |
|           1166 | Leslie    | Thompson  | Sales Rep            |
|           1337 | Loui      | Bondur    | Sales Rep            |
|           1621 | Mami      | Nishi     | Sales Rep            |
|           1702 | Martin    | Gerard    | Sales Rep            |
|           1056 | Mary      | Patterson | VP Sales             |
|           1401 | Pamela    | Castillo  | Sales Rep            |
|           1612 | Peter     | Marsh     | Sales Rep            |
|           1216 | Steve     | Patterson | Sales Rep            |
|           1619 | Tom       | King      | Sales Rep            |
|           1088 | William   | Patterson | Sales Manager (APAC) |
|           1625 | Yoshimi   | Kato      | Sales Rep            |
+----------------+-----------+-----------+----------------------+
23 rows in set (0.00 sec)

mysql> select employeeNumber, firstName, lastName, jobTitle, officeCode from employees order by officeCode DESC;
+----------------+-----------+-----------+----------------------+------------+

| employeeNumber | firstName | lastName  | jobTitle             | officeCode |

+----------------+-----------+-----------+----------------------+------------+

|           1501 | Larry     | Bott      | Sales Rep            | 7          |

|           1504 | Barry     | Jones     | Sales Rep            | 7          |

|           1088 | William   | Patterson | Sales Manager (APAC) | 6          |

|           1611 | Andy      | Fixter    | Sales Rep            | 6          |

|           1612 | Peter     | Marsh     | Sales Rep            | 6          |

|           1619 | Tom       | King      | Sales Rep            | 6          |

|           1621 | Mami      | Nishi     | Sales Rep            | 5          |

|           1625 | Yoshimi   | Kato      | Sales Rep            | 5          |

|           1102 | Gerard    | Bondur    | Sale Manager (EMEA)  | 4          |

|           1337 | Loui      | Bondur    | Sales Rep            | 4          |

|           1370 | Gerard    | Hernandez | Sales Rep            | 4          |

|           1401 | Pamela    | Castillo  | Sales Rep            | 4          |

|           1702 | Martin    | Gerard    | Sales Rep            | 4          |

|           1286 | Foon Yue  | Tseng     | Sales Rep            | 3          |

|           1323 | George    | Vanauf    | Sales Rep            | 3          |

|           1188 | Julie     | Firrelli  | Sales Rep            | 2          |

|           1216 | Steve     | Patterson | Sales Rep            | 2          |

|           1002 | Diane     | Murphy    | President            | 1          |

|           1056 | Mary      | Patterson | VP Sales             | 1          |

|           1076 | Jeff      | Firrelli  | VP Marketing         | 1          |

|           1143 | Anthony   | Bow       | Sales Manager (NA)   | 1          |

|           1165 | Leslie    | Jennings  | Sales Rep            | 1          |

|           1166 | Leslie    | Thompson  | Sales Rep            | 1          |

+----------------+-----------+-----------+----------------------+------------+

23 rows in set (0.00 sec)

mysql> select jobTitle from employees order by jobTitle DESC;
+----------------------+
| jobTitle             |
+----------------------+
| VP Sales             |
| VP Marketing         |
| Sales Rep            |
| Sales Rep            |
| Sales Rep            |
| Sales Rep            |
| Sales Rep            |
| Sales Rep            |
| Sales Rep            |
| Sales Rep            |
| Sales Rep            |
| Sales Rep            |
| Sales Rep            |
| Sales Rep            |
| Sales Rep            |
| Sales Rep            |
| Sales Rep            |
| Sales Rep            |
| Sales Rep            |
| Sales Manager (NA)   |
| Sales Manager (APAC) |
| Sale Manager (EMEA)  |
| President            |
+----------------------+
23 rows in set (0.00 sec)

mysql> select employeeNumber, jobTitle from employees order by employeeNumber, jobTitle DESC;
+----------------+----------------------+
| employeeNumber | jobTitle             |
+----------------+----------------------+
|           1002 | President            |
|           1056 | VP Sales             |
|           1076 | VP Marketing         |
|           1088 | Sales Manager (APAC) |
|           1102 | Sale Manager (EMEA)  |
|           1143 | Sales Manager (NA)   |
|           1165 | Sales Rep            |
|           1166 | Sales Rep            |
|           1188 | Sales Rep            |
|           1216 | Sales Rep            |
|           1286 | Sales Rep            |
|           1323 | Sales Rep            |
|           1337 | Sales Rep            |
|           1370 | Sales Rep            |
|           1401 | Sales Rep            |
|           1501 | Sales Rep            |
|           1504 | Sales Rep            |
|           1611 | Sales Rep            |
|           1612 | Sales Rep            |
|           1619 | Sales Rep            |
|           1621 | Sales Rep            |
|           1625 | Sales Rep            |
|           1702 | Sales Rep            |
+----------------+----------------------+
23 rows in set (0.00 sec)

mysql> select employeeNumber, firstName, lastName from employees order by firstName;
+----------------+-----------+-----------+
| employeeNumber | firstName | lastName  |
+----------------+-----------+-----------+
|           1611 | Andy      | Fixter    |
|           1143 | Anthony   | Bow       |
|           1504 | Barry     | Jones     |
|           1002 | Diane     | Murphy    |
|           1286 | Foon Yue  | Tseng     |
|           1323 | George    | Vanauf    |
|           1102 | Gerard    | Bondur    |
|           1370 | Gerard    | Hernandez |
|           1076 | Jeff      | Firrelli  |
|           1188 | Julie     | Firrelli  |
|           1501 | Larry     | Bott      |
|           1165 | Leslie    | Jennings  |
|           1166 | Leslie    | Thompson  |
|           1337 | Loui      | Bondur    |
|           1621 | Mami      | Nishi     |
|           1702 | Martin    | Gerard    |
|           1056 | Mary      | Patterson |
|           1401 | Pamela    | Castillo  |
|           1612 | Peter     | Marsh     |
|           1216 | Steve     | Patterson |
|           1619 | Tom       | King      |
|           1088 | William   | Patterson |
|           1625 | Yoshimi   | Kato      |
+----------------+-----------+-----------+
23 rows in set (0.00 sec)

mysql> select employeeNumber, firstName, lastName, officeCode from employees where officeCode = 5 order by firstName;
+----------------+-----------+----------+------------+
| employeeNumber | firstName | lastName | officeCode |
+----------------+-----------+----------+------------+
|           1621 | Mami      | Nishi    | 5          |
|           1625 | Yoshimi   | Kato     | 5          |
+----------------+-----------+----------+------------+
2 rows in set (0.00 sec)

mysql> select employeeNumber, firstName, lastName from employees order by firstName limit 4;
+----------------+-----------+----------+
| employeeNumber | firstName | lastName |
+----------------+-----------+----------+
|           1611 | Andy      | Fixter   |
|           1143 | Anthony   | Bow      |
|           1504 | Barry     | Jones    |
|           1002 | Diane     | Murphy   |
+----------------+-----------+----------+
4 rows in set (0.00 sec)

mysql> select employeeNumber, firstName, lastName, officeCode from employees where officeCode >= 4 order by officeCode DESC;
+----------------+-----------+-----------+------------+
| employeeNumber | firstName | lastName  | officeCode |
+----------------+-----------+-----------+------------+
|           1501 | Larry     | Bott      | 7          |
|           1504 | Barry     | Jones     | 7          |
|           1088 | William   | Patterson | 6          |
|           1611 | Andy      | Fixter    | 6          |
|           1612 | Peter     | Marsh     | 6          |
|           1619 | Tom       | King      | 6          |
|           1621 | Mami      | Nishi     | 5          |
|           1625 | Yoshimi   | Kato      | 5          |
|           1102 | Gerard    | Bondur    | 4          |
|           1337 | Loui      | Bondur    | 4          |
|           1370 | Gerard    | Hernandez | 4          |
|           1401 | Pamela    | Castillo  | 4          |
|           1702 | Martin    | Gerard    | 4          |
+----------------+-----------+-----------+------------+
13 rows in set (0.00 sec)

mysql> select employeeNumber, firstName, lastName, officeCode from employees where officeCode <> 4 order by firstName, lastName;
+----------------+-----------+-----------+------------+
| employeeNumber | firstName | lastName  | officeCode |
+----------------+-----------+-----------+------------+
|           1611 | Andy      | Fixter    | 6          |
|           1143 | Anthony   | Bow       | 1          |
|           1504 | Barry     | Jones     | 7          |
|           1002 | Diane     | Murphy    | 1          |
|           1286 | Foon Yue  | Tseng     | 3          |
|           1323 | George    | Vanauf    | 3          |
|           1076 | Jeff      | Firrelli  | 1          |
|           1188 | Julie     | Firrelli  | 2          |
|           1501 | Larry     | Bott      | 7          |
|           1165 | Leslie    | Jennings  | 1          |
|           1166 | Leslie    | Thompson  | 1          |
|           1621 | Mami      | Nishi     | 5          |
|           1056 | Mary      | Patterson | 1          |
|           1612 | Peter     | Marsh     | 6          |
|           1216 | Steve     | Patterson | 2          |
|           1619 | Tom       | King      | 6          |
|           1088 | William   | Patterson | 6          |
|           1625 | Yoshimi   | Kato      | 5          |
+----------------+-----------+-----------+------------+
18 rows in set (0.00 sec)

mysql> select employeeNumber, firstName, lastName, officeCode from employees where officeCode > 3 and employeeNumber = 1188 order by firstName DESC;
Empty set (0.00 sec)

mysql> select employeeNumber, firstName, lastName, officeCode from employees where officeCode > 3 and employeeNumber = 1504 order by firstName DESC;
+----------------+-----------+----------+------------+
| employeeNumber | firstName | lastName | officeCode |
+----------------+-----------+----------+------------+
|           1504 | Barry     | Jones    | 7          |
+----------------+-----------+----------+------------+
1 row in set (0.00 sec)

mysql> select employeeNumber, firstName, lastName, officeCode from employees where officeCode = 1 or officeCode = 4 order by firstName DESC;
+----------------+-----------+-----------+------------+
| employeeNumber | firstName | lastName  | officeCode |
+----------------+-----------+-----------+------------+
|           1401 | Pamela    | Castillo  | 4          |
|           1056 | Mary      | Patterson | 1          |
|           1702 | Martin    | Gerard    | 4          |
|           1337 | Loui      | Bondur    | 4          |
|           1165 | Leslie    | Jennings  | 1          |
|           1166 | Leslie    | Thompson  | 1          |
|           1076 | Jeff      | Firrelli  | 1          |
|           1102 | Gerard    | Bondur    | 4          |
|           1370 | Gerard    | Hernandez | 4          |
|           1002 | Diane     | Murphy    | 1          |
|           1143 | Anthony   | Bow       | 1          |
+----------------+-----------+-----------+------------+
11 rows in set (0.00 sec)

mysql> select employeeNumber, firstName, lastName, officeCode, reportsTo from employees where reportsTo IS NULL order by firstName, lastName DESC;
+----------------+-----------+----------+------------+-----------+
| employeeNumber | firstName | lastName | officeCode | reportsTo |
+----------------+-----------+----------+------------+-----------+
|           1002 | Diane     | Murphy   | 1          |      NULL |
+----------------+-----------+----------+------------+-----------+
1 row in set (0.00 sec)

            114 | 45146.267500 |
|            119 | 38983.226667 |
|            121 | 26056.197500 |
|            124 | 64909.804444 |
|            128 | 18984.440000 |
|            129 | 22236.853333 |
|            131 | 35879.980000 |
|            141 | 55056.844615 |
|            144 | 21840.325000 |
|            145 | 26861.625000 |
|            146 | 43435.116667 |
|            148 | 39062.757500 |
|            151 | 44478.487500 |
|            157 | 49254.625000 |
|            161 | 26136.305000 |
|            166 | 35140.190000 |
|            167 | 48781.235000 |
|            171 | 30890.850000 |
|            172 | 28851.173333 |
|            173 | 16099.345000 |
|            175 | 31808.210000 |
|            177 | 31180.610000 |
|            181 | 24165.880000 |
|            186 | 31848.820000 |
|            187 | 49470.030000 |
|            189 | 24949.135000 |
|            198 |  7184.753333 |
|            201 | 30583.590000 |
|            202 | 35061.095000 |
|            204 | 27788.630000 |
|            205 | 31267.766667 |
|            209 | 25286.440000 |
|            211 | 45480.790000 |
|            216 | 22840.156667 |
|            219 |  3959.300000 |
|            227 | 44954.900000 |
|            233 | 22992.556667 |
|            239 | 80375.240000 |
|            240 | 35891.875000 |
|            242 | 20161.120000 |
|            249 | 41111.615000 |
|            250 | 22553.063333 |
|            256 | 29438.205000 |
|            259 | 44611.570000 |
|            260 | 33406.000000 |
|            276 | 34258.555000 |
|            278 | 42509.896667 |
|            282 | 30551.870000 |
|            286 | 45272.685000 |
|            298 | 54388.960000 |
|            299 | 34529.520000 |
|            311 | 31902.050000 |
|            314 | 31126.925000 |
|            319 | 39216.080000 |
|            320 | 33957.506667 |
|            321 | 66170.390000 |
|            323 | 38655.520000 |
|            324 | 26852.243333 |
|            328 | 19140.755000 |
|            333 | 18396.720000 |
|            334 | 34632.246667 |
|            339 | 28969.670000 |
|            344 | 23375.570000 |
|            347 | 20753.095000 |
|            350 | 23849.176667 |
|            353 | 31745.797500 |
|            357 | 28331.190000 |
|            362 | 16766.735000 |
|            363 | 38816.430000 |
|            379 | 24511.216667 |
|            381 |  7304.295000 |
|            382 | 28353.333333 |
|            385 | 29156.100000 |
|            386 | 45071.655000 |
|            398 | 26387.182500 |
|            406 | 28812.323333 |
|            412 | 33352.470000 |
|            415 | 31310.090000 |
|            424 | 23071.443333 |
|            447 | 16655.926667 |
|            448 | 38388.220000 |
|            450 | 59551.380000 |
|            452 | 17019.996667 |
|            455 | 35189.325000 |
|            456 | 14615.215000 |
|            458 | 37480.030000 |
|            462 | 29542.496667 |
|            471 | 22460.380000 |
|            473 | 12679.160000 |
|            475 | 21874.360000 |
|            484 | 25493.925000 |
|            486 | 25908.863333 |
|            487 | 21285.185000 |
|            489 | 14793.075000 |
|            495 | 32770.870000 |
|            496 | 38165.730000 |
+----------------+--------------+
98 rows in set (0.00 sec)

mysql> select round(avg(distinct amount),2) from payments;
+-------------------------------+
| round(avg(distinct amount),2) |
+-------------------------------+
|                      32431.65 |
+-------------------------------+
1 row in set (0.00 sec)

mysql> select p.paymentDate, AVG(p.amount), c.customerName from payments p inner join customers c on c.customerNumber = p.customerNumber group by p.customerNumber;
+-------------+---------------+------------------------------------+
| paymentDate | AVG(p.amount) | customerName                       |
+-------------+---------------+------------------------------------+
| 2004-10-19  |   7438.120000 | Atelier graphique                  |
| 2004-12-17  |  26726.993333 | Signal Gift Stores                 |
| 2003-05-20  |  45146.267500 | Australian Collectors, Co.         |
| 2004-11-14  |  38983.226667 | La Rochelle Gifts                  |
| 2003-02-16  |  26056.197500 | Baane Mini Imports                 |
| 2005-03-05  |  64909.804444 | Mini Gifts Distributors Ltd.       |
| 2003-01-28  |  18984.440000 | Blauer See Auto, Co.               |
| 2004-12-08  |  22236.853333 | Mini Wheels Co.                    |
| 2003-03-12  |  35879.980000 | Land of Toys Inc.                  |
| 2003-07-19  |  55056.844615 | Euro+ Shopping Channel             |
| 2004-12-12  |  21840.325000 | Volvo Model Replicas, Co           |
| 2004-07-03  |  26861.625000 | Danish Wholesale Imports           |
| 2004-03-18  |  43435.116667 | Saveley & Henriot, Co.             |
| 2003-04-22  |  39062.757500 | Dragon Souveniers, Ltd.            |
| 2003-12-22  |  44478.487500 | Muscle Machine Inc                 |
| 2004-11-19  |  49254.625000 | Diecast Classics Inc.              |
| 2004-11-14  |  26136.305000 | Technics Stores Inc.               |
| 2004-09-16  |  35140.190000 | Handji Gifts& Co                   |
| 2004-09-19  |  48781.235000 | Herkku Gifts                       |
| 2004-03-15  |  30890.850000 | Daedalus Designs Imports           |
| 2004-09-09  |  28851.173333 | La Corne D'abondance, Co.          |
| 2004-05-13  |  16099.345000 | Cambridge Collectables Co.         |
| 2005-05-19  |  31808.210000 | Gift Depot Inc.                    |
| 2004-04-17  |  31180.610000 | Osaka Souveniers Co.               |
| 2004-04-25  |  24165.880000 | Vitachrome Inc.                    |
| 2005-03-10  |  31848.820000 | Toys of Finland, Co.               |
| 2004-11-03  |  49470.030000 | AV Stores, Co.                     |
| 2004-10-03  |  24949.135000 | Clover Collections, Co.            |
| 2004-12-06  |   7184.753333 | Auto-Moto Classics Inc.            |
| 2003-10-20  |  30583.590000 | UK Collectables, Ltd.              |
| 2003-12-18  |  35061.095000 | Canadian Gift Exchange Network     |
| 2004-08-13  |  27788.630000 | Online Mini Collectables           |
| 2003-12-04  |  31267.766667 | Toys4GrownUps.com                  |
| 2005-05-03  |  25286.440000 | Mini Caravy                        |
| 2003-12-09  |  45480.790000 | King Kong Collectables, Co.        |
| 2003-05-09  |  22840.156667 | Enaco Distributors                 |
| 2005-03-02  |   3959.300000 | Boards & Toys Co.                  |
| 2003-10-31  |  44954.900000 | Heintze Collectables               |
| 2005-05-20  |  22992.556667 | Qu├®bec Home Shopping Network      |
| 2004-03-15  |  80375.240000 | Collectable Mini Designs Co.       |
| 2004-11-16  |  35891.875000 | giftsbymail.co.uk                  |
| 2003-11-22  |  20161.120000 | Alpha Cognac                       |
| 2004-09-19  |  41111.615000 | Amica Models & Co.                 |
| 2005-05-17  |  22553.063333 | Lyon Souveniers                    |
| 2004-02-10  |  29438.205000 | Auto Associ├®s & Cie.              |
| 2004-11-06  |  44611.570000 | Toms Spezialit├ñten, Ltd           |
| 2004-08-30  |  33406.000000 | Royal Canadian Collectables, Ltd.  |
| 2005-02-09  |  34258.555000 | Anna's Decorations, Ltd            |
| 2004-12-05  |  42509.896667 | Rovelli Gifts                      |
| 2003-08-03  |  30551.870000 | Souveniers And Things Co.          |
| 2004-10-28  |  45272.685000 | Marta's Replicas Co.               |
| 2004-03-13  |  54388.960000 | Vida Sport, Ltd                    |
| 2003-10-24  |  34529.520000 | Norway Gifts By Mail, Co.          |
| 2005-02-15  |  31902.050000 | Oulu Toy Supplies, Inc.            |
| 2004-08-09  |  31126.925000 | Petit Auto                         |
| 2004-11-06  |  39216.080000 | Mini Classics                      |
| 2005-01-18  |  33957.506667 | Mini Creations Ltd.                |
| 2003-11-03  |  66170.390000 | Corporate Gift Ideas Co.           |
| 2005-05-23  |  38655.520000 | Down Under Souveniers, Inc         |
| 2004-12-13  |  26852.243333 | Stylish Desk Decors, Co.           |
| 2004-04-16  |  19140.755000 | Tekni Collectables Inc.            |
| 2003-11-15  |  18396.720000 | Australian Gift Network, Co        |
| 2005-01-27  |  34632.246667 | Suominen Souveniers                |
| 2004-10-24  |  28969.670000 | Classic Gift Ideas, Inc            |
| 2003-11-24  |  23375.570000 | CAF Imports                        |
| 2004-01-18  |  20753.095000 | Men 'R' US Retailers, Ltd.         |
| 2004-12-11  |  23849.176667 | Marseille Mini Autos               |
| 2005-01-10  |  31745.797500 | Reims Collectables                 |
| 2003-12-16  |  28331.190000 | GiftsForHim.com                    |
| 2004-07-11  |  16766.735000 | Gifts4AllAges.com                  |
| 2004-11-17  |  38816.430000 | Online Diecast Creations Co.       |
| 2005-02-12  |  24511.216667 | Collectables For Less Inc.         |
| 2004-12-03  |   7304.295000 | Royale Belge                       |
| 2003-05-12  |  28353.333333 | Salzburg Collectables              |
| 2003-12-02  |  29156.100000 | Cruz & Sons Co.                    |
| 2003-11-18  |  45071.655000 | L'ordine Souveniers                |
| 2005-02-14  |  26387.182500 | Tokyo Collectables, Ltd            |
| 2005-04-23  |  28812.323333 | Auto Canal+ Petit                  |
| 2004-07-25  |  33352.470000 | Extreme Desk Decorations, Ltd      |
| 2004-09-28  |  31310.090000 | Bavarian Collectables Imports, Co. |
| 2004-12-07  |  23071.443333 | Classic Legends Inc.               |
| 2003-09-15  |  16655.926667 | Gift Ideas Corp.                   |
| 2005-04-18  |  38388.220000 | Scandinavian Gift Ideas            |
| 2004-06-21  |  59551.380000 | The Sharp Gifts Warehouse          |
| 2003-11-15  |  17019.996667 | Mini Auto Werke                    |
| 2003-12-05  |  35189.325000 | Super Scale Inc.                   |
| 2004-11-13  |  14615.215000 | Microscale Inc.                    |
| 2004-11-15  |  37480.030000 | Corrida Auto Replicas, Ltd         |
| 2005-04-15  |  29542.496667 | FunGiftIdeas.com                   |
| 2004-07-28  |  22460.380000 | Australian Collectables, Ltd       |
| 2004-02-17  |  12679.160000 | Frau da Collezione                 |
| 2003-12-09  |  21874.360000 | West Coast Collectables Co.        |
| 2004-10-26  |  25493.925000 | Iberia Gift Imports, Corp.         |
| 2004-04-14  |  25908.863333 | Motor Mint Distributors Inc.       |
| 2003-09-28  |  21285.185000 | Signal Collectibles Ltd.           |
| 2003-12-04  |  14793.075000 | Double Decker Gift Stores, Ltd     |
| 2003-12-26  |  32770.870000 | Diecast Collectables               |
| 2005-05-25  |  38165.730000 | Kelly's Gift Shop                  |
+-------------+---------------+------------------------------------+
98 rows in set (0.00 sec)

mysql> select customerNumber, count(*) from payments group by customerNumber;
+----------------+----------+
| customerNumber | count(*) |
+----------------+----------+
|            103 |        3 |
|            112 |        3 |
|            114 |        4 |
|            119 |        3 |
|            121 |        4 |
|            124 |        9 |
|            128 |        4 |
|            129 |        3 |
|            131 |        3 |
|            141 |       13 |
|            144 |        2 |
|            145 |        4 |
|            146 |        3 |
|            148 |        4 |
|            151 |        4 |
|            157 |        2 |
|            161 |        4 |
|            166 |        3 |
|            167 |        2 |
|            171 |        2 |
|            172 |        3 |
|            173 |        2 |
|            175 |        3 |
|            177 |        2 |
|            181 |        3 |
|            186 |        3 |
|            187 |        3 |
|            189 |        2 |
|            198 |        3 |
|            201 |        2 |
|            202 |        2 |
|            204 |        2 |
|            205 |        3 |
|            209 |        3 |
|            211 |        1 |
|            216 |        3 |
|            219 |        2 |
|            227 |        2 |
|            233 |        3 |
|            239 |        1 |
|            240 |        2 |
|            242 |        3 |
|            249 |        2 |
|            250 |        3 |
|            256 |        2 |
|            259 |        2 |
|            260 |        2 |
|            276 |        4 |
|            278 |        3 |
|            282 |        3 |
|            286 |        2 |
|            298 |        2 |
|            299 |        2 |
|            311 |        3 |
|            314 |        2 |
|            319 |        2 |
|            320 |        3 |
|            321 |        2 |
|            323 |        4 |
|            324 |        3 |
|            328 |        2 |
|            333 |        3 |
|            334 |        3 |
|            339 |        2 |
|            344 |        2 |
|            347 |        2 |
|            350 |        3 |
|            353 |        4 |
|            357 |        2 |
|            362 |        2 |
|            363 |        3 |
|            379 |        3 |
|            381 |        4 |
|            382 |        3 |
|            385 |        3 |
|            386 |        2 |
|            398 |        4 |
|            406 |        3 |
|            412 |        2 |
|            415 |        1 |
|            424 |        3 |
|            447 |        3 |
|            448 |        2 |
|            450 |        1 |
|            452 |        3 |
|            455 |        2 |
|            456 |        2 |
|            458 |        3 |
|            462 |        3 |
|            471 |        2 |
|            473 |        2 |
|            475 |        2 |
|            484 |        2 |
|            486 |        3 |
|            487 |        2 |
|            489 |        2 |
|            495 |        2 |
|            496 |        3 |
+----------------+----------+
98 rows in set (0.00 sec)

mysql> select p.customerNumber, c.customerName count(p.*) from payments p inner join customers c on c.customerNumber = p.customerNumber group by p.customerNumber;
ERROR 1064 (42000): You have an error in your SQL syntax; check the manual that corresponds to your MySQL server version for the right syntax to use near 'count(p.*) from payments p inner join customers c on c.customerNumber = p.custom' at line 1
mysql> select p.customerNumber, c.customerName count(*) from payments p inner join customers c on c.customerNumber = p.customerNumber group by p.customerNumber;
ERROR 1064 (42000): You have an error in your SQL syntax; check the manual that corresponds to your MySQL server version for the right syntax to use near 'count(*) from payments p inner join customers c on c.customerNumber = p.customer' at line 1
mysql> select p.customerNumber, c.customerName, count(*) from payments p inner join customers c on c.customerNumber = p.customerNumber group by p.customerNumber;
+----------------+------------------------------------+----------+
| customerNumber | customerName                       | count(*) |
+----------------+------------------------------------+----------+
|            103 | Atelier graphique                  |        3 |
|            112 | Signal Gift Stores                 |        3 |
|            114 | Australian Collectors, Co.         |        4 |
|            119 | La Rochelle Gifts                  |        3 |
|            121 | Baane Mini Imports                 |        4 |
|            124 | Mini Gifts Distributors Ltd.       |        9 |
|            128 | Blauer See Auto, Co.               |        4 |
|            129 | Mini Wheels Co.                    |        3 |
|            131 | Land of Toys Inc.                  |        3 |
|            141 | Euro+ Shopping Channel             |       13 |
|            144 | Volvo Model Replicas, Co           |        2 |
|            145 | Danish Wholesale Imports           |        4 |
|            146 | Saveley & Henriot, Co.             |        3 |
|            148 | Dragon Souveniers, Ltd.            |        4 |
|            151 | Muscle Machine Inc                 |        4 |
|            157 | Diecast Classics Inc.              |        2 |
|            161 | Technics Stores Inc.               |        4 |
|            166 | Handji Gifts& Co                   |        3 |
|            167 | Herkku Gifts                       |        2 |
|            171 | Daedalus Designs Imports           |        2 |
|            172 | La Corne D'abondance, Co.          |        3 |
|            173 | Cambridge Collectables Co.         |        2 |
|            175 | Gift Depot Inc.                    |        3 |
|            177 | Osaka Souveniers Co.               |        2 |
|            181 | Vitachrome Inc.                    |        3 |
|            186 | Toys of Finland, Co.               |        3 |
|            187 | AV Stores, Co.                     |        3 |
|            189 | Clover Collections, Co.            |        2 |
|            198 | Auto-Moto Classics Inc.            |        3 |
|            201 | UK Collectables, Ltd.              |        2 |
|            202 | Canadian Gift Exchange Network     |        2 |
|            204 | Online Mini Collectables           |        2 |
|            205 | Toys4GrownUps.com                  |        3 |
|            209 | Mini Caravy                        |        3 |
|            211 | King Kong Collectables, Co.        |        1 |
|            216 | Enaco Distributors                 |        3 |
|            219 | Boards & Toys Co.                  |        2 |
|            227 | Heintze Collectables               |        2 |
|            233 | Qu├®bec Home Shopping Network      |        3 |
|            239 | Collectable Mini Designs Co.       |        1 |
|            240 | giftsbymail.co.uk                  |        2 |
|            242 | Alpha Cognac                       |        3 |
|            249 | Amica Models & Co.                 |        2 |
|            250 | Lyon Souveniers                    |        3 |
|            256 | Auto Associ├®s & Cie.              |        2 |
|            259 | Toms Spezialit├ñten, Ltd           |        2 |
|            260 | Royal Canadian Collectables, Ltd.  |        2 |
|            276 | Anna's Decorations, Ltd            |        4 |
|            278 | Rovelli Gifts                      |        3 |
|            282 | Souveniers And Things Co.          |        3 |
|            286 | Marta's Replicas Co.               |        2 |
|            298 | Vida Sport, Ltd                    |        2 |
|            299 | Norway Gifts By Mail, Co.          |        2 |
|            311 | Oulu Toy Supplies, Inc.            |        3 |
|            314 | Petit Auto                         |        2 |
|            319 | Mini Classics                      |        2 |
|            320 | Mini Creations Ltd.                |        3 |
|            321 | Corporate Gift Ideas Co.           |        2 |
|            323 | Down Under Souveniers, Inc         |        4 |
|            324 | Stylish Desk Decors, Co.           |        3 |
|            328 | Tekni Collectables Inc.            |        2 |
|            333 | Australian Gift Network, Co        |        3 |
|            334 | Suominen Souveniers                |        3 |
|            339 | Classic Gift Ideas, Inc            |        2 |
|            344 | CAF Imports                        |        2 |
|            347 | Men 'R' US Retailers, Ltd.         |        2 |
|            350 | Marseille Mini Autos               |        3 |
|            353 | Reims Collectables                 |        4 |
|            357 | GiftsForHim.com                    |        2 |
|            362 | Gifts4AllAges.com                  |        2 |
|            363 | Online Diecast Creations Co.       |        3 |
|            379 | Collectables For Less Inc.         |        3 |
|            381 | Royale Belge                       |        4 |
|            382 | Salzburg Collectables              |        3 |
|            385 | Cruz & Sons Co.                    |        3 |
|            386 | L'ordine Souveniers                |        2 |
|            398 | Tokyo Collectables, Ltd            |        4 |
|            406 | Auto Canal+ Petit                  |        3 |
|            412 | Extreme Desk Decorations, Ltd      |        2 |
|            415 | Bavarian Collectables Imports, Co. |        1 |
|            424 | Classic Legends Inc.               |        3 |
|            447 | Gift Ideas Corp.                   |        3 |
|            448 | Scandinavian Gift Ideas            |        2 |
|            450 | The Sharp Gifts Warehouse          |        1 |
|            452 | Mini Auto Werke                    |        3 |
|            455 | Super Scale Inc.                   |        2 |
|            456 | Microscale Inc.                    |        2 |
|            458 | Corrida Auto Replicas, Ltd         |        3 |
|            462 | FunGiftIdeas.com                   |        3 |
|            471 | Australian Collectables, Ltd       |        2 |
|            473 | Frau da Collezione                 |        2 |
|            475 | West Coast Collectables Co.        |        2 |
|            484 | Iberia Gift Imports, Corp.         |        2 |
|            486 | Motor Mint Distributors Inc.       |        3 |
|            487 | Signal Collectibles Ltd.           |        2 |
|            489 | Double Decker Gift Stores, Ltd     |        2 |
|            495 | Diecast Collectables               |        2 |
|            496 | Kelly's Gift Shop                  |        3 |
+----------------+------------------------------------+----------+
98 rows in set (0.00 sec)

mysql> select p.customerNumber, c.customerName, count(*) from payments p inner join customers c on c.customerNumber = p.customerNumber group by p.customerNumber ordery by count(*) desc;
ERROR 1064 (42000): You have an error in your SQL syntax; check the manual that corresponds to your MySQL server version for the right syntax to use near 'ordery by count(*) desc' at line 1
mysql> select p.customerNumber, c.customerName, count(*) from payments p inner join customers c on c.customerNumber = p.customerNumber group by p.customerNumber order by count(*) desc;
+----------------+------------------------------------+----------+
| customerNumber | customerName                       | count(*) |
+----------------+------------------------------------+----------+
|            141 | Euro+ Shopping Channel             |       13 |
|            124 | Mini Gifts Distributors Ltd.       |        9 |
|            151 | Muscle Machine Inc                 |        4 |
|            323 | Down Under Souveniers, Inc         |        4 |
|            114 | Australian Collectors, Co.         |        4 |
|            161 | Technics Stores Inc.               |        4 |
|            121 | Baane Mini Imports                 |        4 |
|            128 | Blauer See Auto, Co.               |        4 |
|            398 | Tokyo Collectables, Ltd            |        4 |
|            276 | Anna's Decorations, Ltd            |        4 |
|            381 | Royale Belge                       |        4 |
|            145 | Danish Wholesale Imports           |        4 |
|            353 | Reims Collectables                 |        4 |
|            148 | Dragon Souveniers, Ltd.            |        4 |
|            103 | Atelier graphique                  |        3 |
|            112 | Signal Gift Stores                 |        3 |
|            119 | La Rochelle Gifts                  |        3 |
|            129 | Mini Wheels Co.                    |        3 |
|            131 | Land of Toys Inc.                  |        3 |
|            334 | Suominen Souveniers                |        3 |
|            146 | Saveley & Henriot, Co.             |        3 |
|            350 | Marseille Mini Autos               |        3 |
|            166 | Handji Gifts& Co                   |        3 |
|            363 | Online Diecast Creations Co.       |        3 |
|            379 | Collectables For Less Inc.         |        3 |
|            172 | La Corne D'abondance, Co.          |        3 |
|            382 | Salzburg Collectables              |        3 |
|            175 | Gift Depot Inc.                    |        3 |
|            385 | Cruz & Sons Co.                    |        3 |
|            181 | Vitachrome Inc.                    |        3 |
|            186 | Toys of Finland, Co.               |        3 |
|            187 | AV Stores, Co.                     |        3 |
|            406 | Auto Canal+ Petit                  |        3 |
|            198 | Auto-Moto Classics Inc.            |        3 |
|            424 | Classic Legends Inc.               |        3 |
|            447 | Gift Ideas Corp.                   |        3 |
|            452 | Mini Auto Werke                    |        3 |
|            205 | Toys4GrownUps.com                  |        3 |
|            209 | Mini Caravy                        |        3 |
|            496 | Kelly's Gift Shop                  |        3 |
|            216 | Enaco Distributors                 |        3 |
|            458 | Corrida Auto Replicas, Ltd         |        3 |
|            282 | Souveniers And Things Co.          |        3 |
|            233 | Qu├®bec Home Shopping Network      |        3 |
|            462 | FunGiftIdeas.com                   |        3 |
|            486 | Motor Mint Distributors Inc.       |        3 |
|            242 | Alpha Cognac                       |        3 |
|            250 | Lyon Souveniers                    |        3 |
|            278 | Rovelli Gifts                      |        3 |
|            333 | Australian Gift Network, Co        |        3 |
|            311 | Oulu Toy Supplies, Inc.            |        3 |
|            320 | Mini Creations Ltd.                |        3 |
|            324 | Stylish Desk Decors, Co.           |        3 |
|            144 | Volvo Model Replicas, Co           |        2 |
|            157 | Diecast Classics Inc.              |        2 |
|            167 | Herkku Gifts                       |        2 |
|            171 | Daedalus Designs Imports           |        2 |
|            173 | Cambridge Collectables Co.         |        2 |
|            177 | Osaka Souveniers Co.               |        2 |
|            189 | Clover Collections, Co.            |        2 |
|            201 | UK Collectables, Ltd.              |        2 |
|            202 | Canadian Gift Exchange Network     |        2 |
|            204 | Online Mini Collectables           |        2 |
|            495 | Diecast Collectables               |        2 |
|            219 | Boards & Toys Co.                  |        2 |
|            455 | Super Scale Inc.                   |        2 |
|            240 | giftsbymail.co.uk                  |        2 |
|            259 | Toms Spezialit├ñten, Ltd           |        2 |
|            357 | GiftsForHim.com                    |        2 |
|            362 | Gifts4AllAges.com                  |        2 |
|            319 | Mini Classics                      |        2 |
|            298 | Vida Sport, Ltd                    |        2 |
|            256 | Auto Associ├®s & Cie.              |        2 |
|            321 | Corporate Gift Ideas Co.           |        2 |
|            260 | Royal Canadian Collectables, Ltd.  |        2 |
|            386 | L'ordine Souveniers                |        2 |
|            249 | Amica Models & Co.                 |        2 |
|            299 | Norway Gifts By Mail, Co.          |        2 |
|            412 | Extreme Desk Decorations, Ltd      |        2 |
|            328 | Tekni Collectables Inc.            |        2 |
|            227 | Heintze Collectables               |        2 |
|            448 | Scandinavian Gift Ideas            |        2 |
|            286 | Marta's Replicas Co.               |        2 |
|            339 | Classic Gift Ideas, Inc            |        2 |
|            456 | Microscale Inc.                    |        2 |
|            344 | CAF Imports                        |        2 |
|            347 | Men 'R' US Retailers, Ltd.         |        2 |
|            471 | Australian Collectables, Ltd       |        2 |
|            473 | Frau da Collezione                 |        2 |
|            475 | West Coast Collectables Co.        |        2 |
|            484 | Iberia Gift Imports, Corp.         |        2 |
|            314 | Petit Auto                         |        2 |
|            487 | Signal Collectibles Ltd.           |        2 |
|            489 | Double Decker Gift Stores, Ltd     |        2 |
|            211 | King Kong Collectables, Co.        |        1 |
|            239 | Collectable Mini Designs Co.       |        1 |
|            415 | Bavarian Collectables Imports, Co. |        1 |
|            450 | The Sharp Gifts Warehouse          |        1 |
+----------------+------------------------------------+----------+
98 rows in set (0.00 sec)

mysql> declare avgamount cursor for select avg(amount) from payments;
ERROR 1064 (42000): You have an error in your SQL syntax; check the manual that corresponds to your MySQL server version for the right syntax to use near 'declare avgamount cursor for select avg(amount) from payments' at line 1
mysql> DECLARE avgamount CURSOR FOR SELECT AVG(amount) FROM payments;
ERROR 1064 (42000): You have an error in your SQL syntax; check the manual that corresponds to your MySQL server version for the right syntax to use near 'DECLARE avgamount CURSOR FOR SELECT AVG(amount) FROM payments' at line 1
mysql> DECLARE avgamount CURSOR FOR SELECT amount FROM payments;
ERROR 1064 (42000): You have an error in your SQL syntax; check the manual that corresponds to your MySQL server version for the right syntax to use near 'DECLARE avgamount CURSOR FOR SELECT amount FROM payments' at line 1
mysql> DECLARE Get_cur CURSOR FOR SELECT * FROM payments;
ERROR 1064 (42000): You have an error in your SQL syntax; check the manual that corresponds to your MySQL server version for the right syntax to use near 'DECLARE Get_cur CURSOR FOR SELECT * FROM payments' at line 1
mysql> DECLARE Get_cur CURSOR FOR SELECT * FROM employees;
ERROR 1064 (42000): You have an error in your SQL syntax; check the manual that corresponds to your MySQL server version for the right syntax to use near 'DECLARE Get_cur CURSOR FOR SELECT * FROM employees' at line 1
mysql> DECLARE Get_cur CURSOR FOR SELECT * FROM customers;
ERROR 1064 (42000): You have an error in your SQL syntax; check the manual that corresponds to your MySQL server version for the right syntax to use near 'DECLARE Get_cur CURSOR FOR SELECT * FROM customers' at line 1
mysql> ALTER TABLE offices MODIFY officeCode MEDIUMINT;
ERROR 3780 (HY000): Referencing column 'officeCode' and referenced column 'officeCode' in foreign key constraint 'employees_ibfk_2' are incompatible.
mysql> ALTER TABLE offices MODIFY officeCode;
ERROR 1064 (42000): You have an error in your SQL syntax; check the manual that corresponds to your MySQL server version for the right syntax to use near '' at line 1
mysql> ALTER TABLE offices MODIFY postalCode VARCHAR(50);
Query OK, 0 rows affected (0.05 sec)
Records: 0  Duplicates: 0  Warnings: 0

mysql> ALTER TABLE offices DROP COLUMN territory;
Query OK, 0 rows affected (0.01 sec)
Records: 0  Duplicates: 0  Warnings: 0

mysql> ALTER TABLE employees ADD CONSTRAINT PK_Person PRIMARY KEY (ID,LastName);
ERROR 1068 (42000): Multiple primary key defined
mysql> ALTER TABLE employees ADD CONSTRAINT FK_Employee Foreign KEY (ID,fistName);
ERROR 1064 (42000): You have an error in your SQL syntax; check the manual that corresponds to your MySQL server version for the right syntax to use near '' at line 1
mysql> ;
ERROR:
No query specified

mysql> ALTER TABLE employees ADD CONSTRAINT FK_Employee Foreign KEY (ID,fistName);
ERROR 1064 (42000): You have an error in your SQL syntax; check the manual that corresponds to your MySQL server version for the right syntax to use near '' at line 1
mysql>
mysql> ALTER TABLE employees ADD CONSTRAINT FK_Employee Foreign KEY (employeeNumber);
ERROR 1064 (42000): You have an error in your SQL syntax; check the manual that corresponds to your MySQL server version for the right syntax to use near '' at line 1
mysql> ALTER TABLE employees ADD CONSTRAINT FK_Employee Foreign KEY (fistName);
ERROR 1064 (42000): You have an error in your SQL syntax; check the manual that corresponds to your MySQL server version for the right syntax to use near '' at line 1
mysql> ALTER TABLE employees ADD CONSTRAINT FK_Employee FOREIGN KEY (employeeNumber) REFERENCES offices(employeeNumber);
ERROR 3734 (HY000): Failed to add the foreign key constraint. Missing column 'employeeNumber' for constraint 'FK_Employee' in the referenced table 'offices'
mysql> ALTER TABLE employees ADD CONSTRAINT FK_Employee FOREIGN KEY (employeeNumber) REFERENCES offices(officeCOde);
ERROR 3780 (HY000): Referencing column 'employeeNumber' and referenced column 'officeCOde' in foreign key constraint 'FK_Employee' are incompatible.
mysql> ALTER TABLE employees ADD CONSTRAINT FK_Employee FOREIGN KEY (employeeNumber) REFERENCES offices(officeCode);
ERROR 3780 (HY000): Referencing column 'employeeNumber' and referenced column 'officeCode' in foreign key constraint 'FK_Employee' are incompatible.
mysql> ALTER TABLE employees ADD CONSTRAINT FK_Employee FOREIGN KEY (officeCode) REFERENCES offices(officeCode);
Query OK, 23 rows affected (0.12 sec)
Records: 23  Duplicates: 0  Warnings: 0

mysql> drop table productlines purge;
ERROR 1064 (42000): You have an error in your SQL syntax; check the manual that corresponds to your MySQL server version for the right syntax to use near 'purge' at line 1
mysql> DROP TABLE productlines PURGE;
ERROR 1064 (42000): You have an error in your SQL syntax; check the manual that corresponds to your MySQL server version for the right syntax to use near 'PURGE' at line 1
mysql> turncate table productlines;
ERROR 1064 (42000): You have an error in your SQL syntax; check the manual that corresponds to your MySQL server version for the right syntax to use near 'turncate table productlines' at line 1
mysql> show tables;
+-------------------------+
| Tables_in_classicmodels |
+-------------------------+
| customers               |
| employees               |
| offices                 |
| orderdetails            |
| orders                  |
| payments                |
| productlines            |
| products                |
+-------------------------+
8 rows in set (0.00 sec)

mysql> truncate table productlines;
ERROR 1701 (42000): Cannot truncate a table referenced in a foreign key constraint (`classicmodels`.`products`, CONSTRAINT `products_ibfk_1`)
mysql> drop table productlines PURGE;
ERROR 1064 (42000): You have an error in your SQL syntax; check the manual that corresponds to your MySQL server version for the right syntax to use near 'PURGE' at line 1
mysql> truncate table productlines;
ERROR 1701 (42000): Cannot truncate a table referenced in a foreign key constraint (`classicmodels`.`products`, CONSTRAINT `products_ibfk_1`)
mysql> truncate table productlines;
ERROR 1701 (42000): Cannot truncate a table referenced in a foreign key constraint (`classicmodels`.`products`, CONSTRAINT `products_ibfk_1`)
mysql> inser into productlines (productLine, textDescription) values ('Bus', 'a Bus test');
ERROR 1064 (42000): You have an error in your SQL syntax; check the manual that corresponds to your MySQL server version for the right syntax to use near 'inser into productlines (productLine, textDescription) values ('Bus', 'a Bus tes' at line 1
mysql> insert into productlines (productLine, textDescription) values ('Bus', 'a Bus test');
Query OK, 1 row affected (0.04 sec)

mysql> update productlines set textDescription = 'Two Bus for Driving' where productLine = 'Bus';
Query OK, 1 row affected (0.04 sec)
Rows matched: 1  Changed: 1  Warnings: 0

mysql> delete from productlines where productLine = 'Bus';
Query OK, 1 row affected (0.04 sec)

mysql> select * from employees where officeCode = 4;
+----------------+-----------+-----------+-----------+--------------------------------+------------+-----------+---------------------+
| employeeNumber | lastName  | firstName | extension | email                          | officeCode | reportsTo | jobTitle            |
+----------------+-----------+-----------+-----------+--------------------------------+------------+-----------+---------------------+
|           1102 | Bondur    | Gerard    | x5408     | gbondur@classicmodelcars.com   | 4          |      1056 | Sale Manager (EMEA) |
|           1337 | Bondur    | Loui      | x6493     | lbondur@classicmodelcars.com   | 4          |      1102 | Sales Rep           |
|           1370 | Hernandez | Gerard    | x2028     | ghernande@classicmodelcars.com | 4          |      1102 | Sales Rep           |
|           1401 | Castillo  | Pamela    | x2759     | pcastillo@classicmodelcars.com | 4          |      1102 | Sales Rep           |
|           1702 | Gerard    | Martin    | x2312     | mgerard@classicmodelcars.com   | 4          |      1102 | Sales Rep           |
+----------------+-----------+-----------+-----------+--------------------------------+------------+-----------+---------------------+
5 rows in set (0.00 sec)

mysql> select * from orders where snippedData = '2003-03-11';
ERROR 1054 (42S22): Unknown column 'snippedData' in 'where clause'
mysql> select * from orders where snippedDate = '2003-03-11';
ERROR 1054 (42S22): Unknown column 'snippedDate' in 'where clause'
mysql> select * from orders where shippedDate = '2003-03-11';
+-------------+------------+--------------+-------------+---------+----------------------------------------------------------------+----------------+
| orderNumber | orderDate  | requiredDate | shippedDate | status  | comments                                                       | customerNumber |
+-------------+------------+--------------+-------------+---------+----------------------------------------------------------------+----------------+
|       10109 | 2003-03-10 | 2003-03-19   | 2003-03-11  | Shipped | Customer requested that FedEx Ground is used for this shipping |            486 |
+-------------+------------+--------------+-------------+---------+----------------------------------------------------------------+----------------+
1 row in set (0.00 sec)

mysql> select * from payments where amount > 4000;
+----------------+-------------+-------------+-----------+
| customerNumber | checkNumber | paymentDate | amount    |
+----------------+-------------+-------------+-----------+
|            103 | HQ336336    | 2004-10-19  |   6066.78 |
|            103 | JM555205    | 2003-06-05  |  14571.44 |
|            112 | BO864823    | 2004-12-17  |  14191.12 |
|            112 | HQ55022     | 2003-06-06  |  32641.98 |
|            112 | ND748579    | 2004-08-20  |  33347.88 |
|            114 | GG31455     | 2003-05-20  |  45864.03 |
|            114 | MA765515    | 2004-12-15  |  82261.22 |
|            114 | NP603840    | 2003-05-31  |   7565.08 |
|            114 | NR27552     | 2004-03-10  |  44894.74 |
|            119 | DB933704    | 2004-11-14  |  19501.82 |
|            119 | LN373447    | 2004-08-08  |  47924.19 |
|            119 | NG94694     | 2005-02-22  |  49523.67 |
|            121 | DB889831    | 2003-02-16  |  50218.95 |
|            121 | KI831359    | 2004-11-04  |  17876.32 |
|            121 | MA302151    | 2004-11-28  |  34638.14 |
|            124 | AE215433    | 2005-03-05  | 101244.59 |
|            124 | BG255406    | 2004-08-28  |  85410.87 |
|            124 | CQ287967    | 2003-04-11  |  11044.30 |
|            124 | ET64396     | 2005-04-16  |  83598.04 |
|            124 | HI366474    | 2004-12-27  |  47142.70 |
|            124 | HR86578     | 2004-11-02  |  55639.66 |
|            124 | KI131716    | 2003-08-15  | 111654.40 |
|            124 | LF217299    | 2004-03-26  |  43369.30 |
|            124 | NT141748    | 2003-11-25  |  45084.38 |
|            128 | DI925118    | 2003-01-28  |  10549.01 |
|            128 | FA465482    | 2003-10-18  |  24101.81 |
|            128 | FH668230    | 2004-03-24  |  33820.62 |
|            128 | IP383901    | 2004-11-18  |   7466.32 |
|            129 | DM826140    | 2004-12-08  |  26248.78 |
|            129 | ID449593    | 2003-12-11  |  23923.93 |
|            129 | PI42991     | 2003-04-09  |  16537.85 |
|            131 | CL442705    | 2003-03-12  |  22292.62 |
|            131 | MA724562    | 2004-12-02  |  50025.35 |
|            131 | NB445135    | 2004-09-11  |  35321.97 |
|            141 | AU364101    | 2003-07-19  |  36251.03 |
|            141 | DB583216    | 2004-11-01  |  36140.38 |
|            141 | DL460618    | 2005-05-19  |  46895.48 |
|            141 | HJ32686     | 2004-01-30  |  59830.55 |
|            141 | ID10962     | 2004-12-31  | 116208.40 |
|            141 | IN446258    | 2005-03-25  |  65071.26 |
|            141 | JE105477    | 2005-03-18  | 120166.58 |
|            141 | JN355280    | 2003-10-26  |  49539.37 |
|            141 | JN722010    | 2003-02-25  |  40206.20 |
|            141 | KT52578     | 2003-12-09  |  63843.55 |
|            141 | MC46946     | 2004-07-09  |  35420.74 |
|            141 | MF629602    | 2004-08-16  |  20009.53 |
|            141 | NU627706    | 2004-05-17  |  26155.91 |
|            144 | IR846303    | 2004-12-12  |  36005.71 |
|            144 | LA685678    | 2003-04-09  |   7674.94 |
|            145 | CN328545    | 2004-07-03  |   4710.73 |
|            145 | ED39322     | 2004-04-26  |  28211.70 |
|            145 | HR182688    | 2004-12-01  |  20564.86 |
|            145 | JJ246391    | 2003-02-20  |  53959.21 |
|            146 | FP549817    | 2004-03-18  |  40978.53 |
|            146 | FU793410    | 2004-01-16  |  49614.72 |
|            146 | LJ160635    | 2003-12-10  |  39712.10 |
|            148 | BI507030    | 2003-04-22  |  44380.15 |
|            148 | KM172879    | 2003-12-26  | 105743.00 |
|            151 | BF686658    | 2003-12-22  |  58793.53 |
|            151 | GB852215    | 2004-07-26  |  20314.44 |
|            151 | IP568906    | 2003-06-18  |  58841.35 |
|            151 | KI884577    | 2004-12-14  |  39964.63 |
|            157 | HI618861    | 2004-11-19  |  35152.12 |
|            157 | NN711988    | 2004-09-07  |  63357.13 |
|            161 | BR478494    | 2003-11-18  |  50743.65 |
|            161 | KG644125    | 2005-02-02  |  12692.19 |
|            161 | NI908214    | 2003-08-05  |  38675.13 |
|            166 | BQ327613    | 2004-09-16  |  38785.48 |
|            166 | DC979307    | 2004-07-07  |  44160.92 |
|            166 | LA318629    | 2004-02-28  |  22474.17 |
|            167 | ED743615    | 2004-09-19  |  12538.01 |
|            167 | GN228846    | 2003-12-03  |  85024.46 |
|            171 | GB878038    | 2004-03-15  |  18997.89 |
|            171 | IL104425    | 2003-11-22  |  42783.81 |
|            172 | CE51751     | 2004-12-04  |  51209.58 |
|            172 | EH208589    | 2003-04-20  |  33383.14 |
|            173 | GP545698    | 2004-05-13  |  11843.45 |
|            173 | IG462397    | 2004-03-29  |  20355.24 |
|            175 | CITI3434344 | 2005-05-19  |  28500.78 |
|            175 | IO448913    | 2003-11-19  |  24879.08 |
|            175 | PI15215     | 2004-07-10  |  42044.77 |
|            177 | AU750837    | 2004-04-17  |  15183.63 |
|            177 | CI381435    | 2004-01-19  |  47177.59 |
|            181 | CM564612    | 2004-04-25  |  22602.36 |
|            181 | GQ132144    | 2003-01-30  |   5494.78 |
|            181 | OH367219    | 2004-11-16  |  44400.50 |
|            186 | AE192287    | 2005-03-10  |  23602.90 |
|            186 | AK412714    | 2003-10-27  |  37602.48 |
|            186 | KA602407    | 2004-10-21  |  34341.08 |
|            187 | AM968797    | 2004-11-03  |  52825.29 |
|            187 | BQ39062     | 2004-12-08  |  47159.11 |
|            187 | KL124726    | 2003-03-27  |  48425.69 |
|            189 | BO711618    | 2004-10-03  |  17359.53 |
|            189 | NM916675    | 2004-03-01  |  32538.74 |
|            198 | FI192930    | 2004-12-06  |   9658.74 |
|            198 | HQ920205    | 2003-07-06  |   6036.96 |
|            198 | IS946883    | 2004-09-21  |   5858.56 |
|            201 | DP677013    | 2003-10-20  |  23908.24 |
|            201 | OO846801    | 2004-06-15  |  37258.94 |
|            202 | HI358554    | 2003-12-18  |  36527.61 |
|            202 | IQ627690    | 2004-11-08  |  33594.58 |
|            204 | GC697638    | 2004-08-13  |  51152.86 |
|            204 | IS150005    | 2004-09-24  |   4424.40 |
|            205 | LL562733    | 2003-09-05  |  50342.74 |
|            205 | NM739638    | 2005-02-06  |  39580.60 |
|            209 | BOAF82044   | 2005-05-03  |  35157.75 |
|            209 | ED520529    | 2004-06-21  |   4632.31 |
|            209 | PH785937    | 2004-05-04  |  36069.26 |
|            211 | BJ535230    | 2003-12-09  |  45480.79 |
|            216 | ML780814    | 2004-12-06  |  24945.21 |
|            216 | MM342086    | 2003-12-14  |  40473.86 |
|            219 | BR941480    | 2003-10-18  |   4465.85 |
|            227 | MQ413968    | 2003-10-31  |  36164.46 |
|            227 | NU21326     | 2004-11-02  |  53745.34 |
|            233 | BOFA23232   | 2005-05-20  |  29070.38 |
|            233 | II180006    | 2004-07-01  |  22997.45 |
|            233 | JG981190    | 2003-11-18  |  16909.84 |
|            239 | NQ865547    | 2004-03-15  |  80375.24 |
|            240 | IF245157    | 2004-11-16  |  46788.14 |
|            240 | JO719695    | 2004-03-28  |  24995.61 |
|            242 | AF40894     | 2003-11-22  |  33818.34 |
|            242 | HR224331    | 2005-06-03  |  12432.32 |
|            242 | KI744716    | 2003-07-21  |  14232.70 |
|            249 | IJ399820    | 2004-09-19  |  33924.24 |
|            249 | NE404084    | 2004-09-04  |  48298.99 |
|            250 | EQ12267     | 2005-05-17  |  17928.09 |
|            250 | HD284647    | 2004-12-30  |  26311.63 |
|            250 | HN114306    | 2003-07-18  |  23419.47 |
|            256 | EP227123    | 2004-02-10  |   5759.42 |
|            256 | HE84936     | 2004-10-22  |  53116.99 |
|            259 | EU280955    | 2004-11-06  |  61234.67 |
|            259 | GB361972    | 2003-12-07  |  27988.47 |
|            260 | IO164641    | 2004-08-30  |  37527.58 |
|            260 | NH776924    | 2004-04-24  |  29284.42 |
|            276 | EM979878    | 2005-02-09  |  27083.78 |
|            276 | KM841847    | 2003-11-13  |  38547.19 |
|            276 | LE432182    | 2003-09-28  |  41554.73 |
|            276 | OJ819725    | 2005-04-30  |  29848.52 |
|            278 | BJ483870    | 2004-12-05  |  37654.09 |
|            278 | GP636783    | 2003-03-02  |  52151.81 |
|            278 | NI983021    | 2003-11-24  |  37723.79 |
|            282 | IA793562    | 2003-08-03  |  24013.52 |
|            282 | JT819493    | 2004-08-02  |  35806.73 |
|            282 | OD327378    | 2005-01-03  |  31835.36 |
|            286 | DR578578    | 2004-10-28  |  47411.33 |
|            286 | KH910279    | 2004-09-05  |  43134.04 |
|            298 | AJ574927    | 2004-03-13  |  47375.92 |
|            298 | LF501133    | 2004-09-18  |  61402.00 |
|            299 | AD304085    | 2003-10-24  |  36798.88 |
|            299 | NR157385    | 2004-09-05  |  32260.16 |
|            311 | DG336041    | 2005-02-15  |  46770.52 |
|            311 | FA728475    | 2003-10-06  |  32723.04 |
|            311 | NQ966143    | 2004-04-25  |  16212.59 |
|            314 | LQ244073    | 2004-08-09  |  45352.47 |
|            314 | MD809704    | 2004-03-03  |  16901.38 |
|            319 | HL685576    | 2004-11-06  |  42339.76 |
|            319 | OM548174    | 2003-12-07  |  36092.40 |
|            320 | GJ597719    | 2005-01-18  |   8307.28 |
|            320 | HO576374    | 2003-08-20  |  41016.75 |
|            320 | MU817160    | 2003-11-24  |  52548.49 |
|            321 | DJ15149     | 2003-11-03  |  85559.12 |
|            321 | LA556321    | 2005-03-15  |  46781.66 |
|            323 | AL493079    | 2005-05-23  |  75020.13 |
|            323 | ES347491    | 2004-06-24  |  37281.36 |
|            323 | PQ803830    | 2004-12-24  |  39440.59 |
|            324 | DQ409197    | 2004-12-13  |  13671.82 |
|            324 | FP443161    | 2003-07-07  |  29429.14 |
|            324 | HB150714    | 2003-11-23  |  37455.77 |
|            328 | EN930356    | 2004-04-16  |   7178.66 |
|            328 | NR631421    | 2004-05-30  |  31102.85 |
|            333 | HL209210    | 2003-11-15  |  23936.53 |
|            333 | JK479662    | 2003-10-17  |   9821.32 |
|            333 | NF959653    | 2005-03-01  |  21432.31 |
|            334 | CS435306    | 2005-01-27  |  45785.34 |
|            334 | HH517378    | 2003-08-16  |  29716.86 |
|            334 | LF737277    | 2004-05-22  |  28394.54 |
|            339 | AP286625    | 2004-10-24  |  23333.06 |
|            339 | DA98827     | 2003-11-28  |  34606.28 |
|            344 | AF246722    | 2003-11-24  |  31428.21 |
|            344 | NJ906924    | 2004-04-02  |  15322.93 |
|            347 | DG700707    | 2004-01-18  |  21053.69 |
|            347 | LG808674    | 2003-10-24  |  20452.50 |
|            350 | BQ602907    | 2004-12-11  |  18888.31 |
|            350 | CI471510    | 2003-05-25  |  50824.66 |
|            353 | CO351193    | 2005-01-10  |  49705.52 |
|            353 | ED878227    | 2003-07-21  |  13920.26 |
|            353 | GT878649    | 2003-05-21  |  16700.47 |
|            353 | HJ618252    | 2005-06-09  |  46656.94 |
|            357 | AG240323    | 2003-12-16  |  20220.04 |
|            357 | NB291497    | 2004-05-15  |  36442.34 |
|            362 | FP170292    | 2004-07-11  |  18473.71 |
|            362 | OG208861    | 2004-09-21  |  15059.76 |
|            363 | HL575273    | 2004-11-17  |  50799.69 |
|            363 | IS232033    | 2003-01-16  |  10223.83 |
|            363 | PN238558    | 2003-12-05  |  55425.77 |
|            379 | CA762595    | 2005-02-12  |  28322.83 |
|            379 | FR499138    | 2003-09-16  |  32680.31 |
|            379 | GB890854    | 2004-08-02  |  12530.51 |
|            381 | BC726082    | 2004-12-03  |  12081.52 |
|            381 | GB117430    | 2005-02-03  |  14379.90 |
|            382 | CC871084    | 2003-05-12  |  35826.33 |
|            382 | CT821147    | 2004-08-01  |   6419.84 |
|            382 | PH29054     | 2004-11-27  |  42813.83 |
|            385 | BN347084    | 2003-12-02  |  20644.24 |
|            385 | CP804873    | 2004-11-19  |  15822.84 |
|            385 | EK785462    | 2003-03-09  |  51001.22 |
|            386 | DO106109    | 2003-11-18  |  38524.29 |
|            386 | HG438769    | 2004-07-18  |  51619.02 |
|            398 | AJ478695    | 2005-02-14  |  33967.73 |
|            398 | DO787644    | 2004-06-21  |  22037.91 |
|            398 | KB54275     | 2004-11-29  |  48927.64 |
|            406 | BJMPR4545   | 2005-04-23  |  12190.85 |
|            406 | HJ217687    | 2004-01-28  |  49165.16 |
|            406 | NA197101    | 2004-06-17  |  25080.96 |
|            412 | GH197075    | 2004-07-25  |  35034.57 |
|            412 | PJ434867    | 2004-04-14  |  31670.37 |
|            415 | ER54537     | 2004-09-28  |  31310.09 |
|            424 | KF480160    | 2004-12-07  |  25505.98 |
|            424 | LM271923    | 2003-04-16  |  21665.98 |
|            424 | OA595449    | 2003-10-31  |  22042.37 |
|            447 | AO757239    | 2003-09-15  |   6631.36 |
|            447 | ER615123    | 2003-06-25  |  17032.29 |
|            447 | OU516561    | 2004-12-17  |  26304.13 |
|            448 | FS299615    | 2005-04-18  |  27966.54 |
|            448 | KR822727    | 2004-09-30  |  48809.90 |
|            450 | EF485824    | 2004-06-21  |  59551.38 |
|            452 | ED473873    | 2003-11-15  |  27121.90 |
|            452 | FN640986    | 2003-11-20  |  15130.97 |
|            452 | HG635467    | 2005-05-03  |   8807.12 |
|            455 | HA777606    | 2003-12-05  |  38139.18 |
|            455 | IR662429    | 2004-05-12  |  32239.47 |
|            456 | GJ715659    | 2004-11-13  |  27550.51 |
|            458 | DD995006    | 2004-11-15  |  33145.56 |
|            458 | NA377824    | 2004-02-06  |  22162.61 |
|            458 | OO606861    | 2003-06-13  |  57131.92 |
|            462 | ED203908    | 2005-04-15  |  30293.77 |
|            462 | GC60330     | 2003-11-08  |   9977.85 |
|            462 | PE176846    | 2004-11-27  |  48355.87 |
|            471 | AB661578    | 2004-07-28  |   9415.13 |
|            471 | CO645196    | 2003-12-10  |  35505.63 |
|            473 | LL427009    | 2004-02-17  |   7612.06 |
|            473 | PC688499    | 2003-10-27  |  17746.26 |
|            475 | JP113227    | 2003-12-09  |   7678.25 |
|            475 | PB951268    | 2004-02-13  |  36070.47 |
|            484 | JH546765    | 2003-11-29  |  47513.19 |
|            486 | BL66528     | 2004-04-14  |   5899.38 |
|            486 | HS86661     | 2004-11-23  |  45994.07 |
|            486 | JB117768    | 2003-03-20  |  25833.14 |
|            487 | AH612904    | 2003-09-28  |  29997.09 |
|            487 | PT550181    | 2004-02-29  |  12573.28 |
|            489 | OC773849    | 2003-12-04  |  22275.73 |
|            489 | PO860906    | 2004-01-31  |   7310.42 |
|            495 | BH167026    | 2003-12-26  |  59265.14 |
|            495 | FN155234    | 2004-05-14  |   6276.60 |
|            496 | EU531600    | 2005-05-25  |  30253.75 |
|            496 | MB342426    | 2003-07-16  |  32077.44 |
|            496 | MN89921     | 2004-12-31  |  52166.00 |
+----------------+-------------+-------------+-----------+
257 rows in set (0.00 sec)

1 |   119600.00 | NI983021    | 2003-11-24  |  37723.79 |

|            282 | Souveniers And Things Co.          | Huxley          | Adrian           | +61 2 9495 8555    | Monitor Money Building        | 815 Pacific Hwy          | Chatswood         | NSW           | 2067       | Australia   |                   1611 |    93300.00 | IA793562    | 2003-08-03  |  24013.52 |
|            282 | Souveniers And Things Co.          | Huxley          | Adrian           | +61 2 9495 8555    | Monitor Money Building        | 815 Pacific Hwy          | Chatswood         | NSW           | 2067       | Australia   |                   1611 |    93300.00 | JT819493    | 2004-08-02  |  35806.73 |
|            282 | Souveniers And Things Co.          | Huxley          | Adrian           | +61 2 9495 8555    | Monitor Money Building        | 815 Pacific Hwy          | Chatswood         | NSW           | 2067       | Australia   |                   1611 |    93300.00 | OD327378    | 2005-01-03  |  31835.36 |
|            286 | Marta's Replicas Co.               | Hernandez       | Marta            | 6175558555         | 39323 Spinnaker Dr.           | NULL
             | Cambridge         | MA            | 51247      | USA         |                   1216 |   123700.00 | DR578578    | 2004-10-28  |  47411.33 |
|            286 | Marta's Replicas Co.               | Hernandez       | Marta            | 6175558555         | 39323 Spinnaker Dr.           | NULL
             | Cambridge         | MA            | 51247      | USA         |                   1216 |   123700.00 | KH910279    | 2004-09-05  |  43134.04 |
|            298 | Vida Sport, Ltd                    | Holz            | Mihael           | 0897-034555        | Grenzacherweg 237             | NULL
             | Genève            | NULL          | 1203       | Switzerland |                   1702 |   141300.00 | AJ574927    | 2004-03-13  |  47375.92 |
|            298 | Vida Sport, Ltd                    | Holz            | Mihael           | 0897-034555        | Grenzacherweg 237             | NULL
             | Genève            | NULL          | 1203       | Switzerland |                   1702 |   141300.00 | LF501133    | 2004-09-18  |  61402.00 |
|            299 | Norway Gifts By Mail, Co.          | Klaeboe         | Jan              | +47 2212 1555      | Drammensveien 126A            | PB 211 Sentrum           | Oslo              | NULL          | N 0106     | Norway      |                   1504 |    95100.00 | AD304085    | 2003-10-24  |  36798.88 |
|            299 | Norway Gifts By Mail, Co.          | Klaeboe         | Jan              | +47 2212 1555      | Drammensveien 126A            | PB 211 Sentrum           | Oslo              | NULL          | N 0106     | Norway      |                   1504 |    95100.00 | NR157385    | 2004-09-05  |  32260.16 |
|            311 | Oulu Toy Supplies, Inc.            | Koskitalo       | Pirkko           | 981-443655         | Torikatu 38                   | NULL
             | Oulu              | NULL          | 90110      | Finland     |                   1501 |    90500.00 | DG336041    | 2005-02-15  |  46770.52 |
|            311 | Oulu Toy Supplies, Inc.            | Koskitalo       | Pirkko           | 981-443655         | Torikatu 38                   | NULL
             | Oulu              | NULL          | 90110      | Finland     |                   1501 |    90500.00 | FA728475    | 2003-10-06  |  32723.04 |
|            311 | Oulu Toy Supplies, Inc.            | Koskitalo       | Pirkko           | 981-443655         | Torikatu 38                   | NULL
             | Oulu              | NULL          | 90110      | Finland     |                   1501 |    90500.00 | NQ966143    | 2004-04-25  |  16212.59 |
|            314 | Petit Auto                         | Dewey           | Catherine        | (02) 5554 67       | Rue Joseph-Bens 532           | NULL
             | Bruxelles         | NULL          | B-1180     | Belgium     |                   1401 |    79900.00 | LQ244073    | 2004-08-09  |  45352.47 |
|            314 | Petit Auto                         | Dewey           | Catherine        | (02) 5554 67       | Rue Joseph-Bens 532           | NULL
             | Bruxelles         | NULL          | B-1180     | Belgium     |                   1401 |    79900.00 | MD809704    | 2004-03-03  |  16901.38 |
|            319 | Mini Classics                      | Frick           | Steve            | 9145554562         | 3758 North Pendale Street     | NULL
             | White Plains      | NY            | 24067      | USA         |                   1323 |   102700.00 | HL685576    | 2004-11-06  |  42339.76 |
|            319 | Mini Classics                      | Frick           | Steve            | 9145554562         | 3758 North Pendale Street     | NULL
             | White Plains      | NY            | 24067      | USA         |                   1323 |   102700.00 | OM548174    | 2003-12-07  |  36092.40 |
|            320 | Mini Creations Ltd.                | Huang           | Wing             | 5085559555         | 4575 Hillside Dr.             | NULL
             | New Bedford       | MA            | 50553      | USA         |                   1188 |    94500.00 | GJ597719    | 2005-01-18  |   8307.28 |
|            320 | Mini Creations Ltd.                | Huang           | Wing             | 5085559555         | 4575 Hillside Dr.             | NULL
             | New Bedford       | MA            | 50553      | USA         |                   1188 |    94500.00 | HO576374    | 2003-08-20  |  41016.75 |
|            320 | Mini Creations Ltd.                | Huang           | Wing             | 5085559555         | 4575 Hillside Dr.             | NULL
             | New Bedford       | MA            | 50553      | USA         |                   1188 |    94500.00 | MU817160    | 2003-11-24  |  52548.49 |
|            321 | Corporate Gift Ideas Co.           | Brown           | Julie            | 6505551386         | 7734 Strong St.               | NULL
             | San Francisco     | CA            | 94217      | USA         |                   1165 |   105000.00 | DJ15149     | 2003-11-03  |  85559.12 |
|            321 | Corporate Gift Ideas Co.           | Brown           | Julie            | 6505551386         | 7734 Strong St.               | NULL
             | San Francisco     | CA            | 94217      | USA         |                   1165 |   105000.00 | LA556321    | 2005-03-15  |  46781.66 |
|            323 | Down Under Souveniers, Inc         | Graham          | Mike             | +64 9 312 5555     | 162-164 Grafton Road          | Level 2
             | Auckland          | NULL          | NULL       | New Zealand |                   1612 |    88000.00 | AL493079    | 2005-05-23  |  75020.13 |
|            323 | Down Under Souveniers, Inc         | Graham          | Mike             | +64 9 312 5555     | 162-164 Grafton Road          | Level 2
             | Auckland          | NULL          | NULL       | New Zealand |                   1612 |    88000.00 | ES347491    | 2004-06-24  |  37281.36 |
|            323 | Down Under Souveniers, Inc         | Graham          | Mike             | +64 9 312 5555     | 162-164 Grafton Road          | Level 2
             | Auckland          | NULL          | NULL       | New Zealand |                   1612 |    88000.00 | HG738664    | 2003-07-05  |   2880.00 |
|            323 | Down Under Souveniers, Inc         | Graham          | Mike             | +64 9 312 5555     | 162-164 Grafton Road          | Level 2
             | Auckland          | NULL          | NULL       | New Zealand |                   1612 |    88000.00 | PQ803830    | 2004-12-24  |  39440.59 |
|            324 | Stylish Desk Decors, Co.           | Brown           | Ann              | (171) 555-0297     | 35 King George                | NULL
             | London            | NULL          | WX3 6FW    | UK          |                   1501 |    77000.00 | DQ409197    | 2004-12-13  |  13671.82 |
|            324 | Stylish Desk Decors, Co.           | Brown           | Ann              | (171) 555-0297     | 35 King George                | NULL
             | London            | NULL          | WX3 6FW    | UK          |                   1501 |    77000.00 | FP443161    | 2003-07-07  |  29429.14 |
|            324 | Stylish Desk Decors, Co.           | Brown           | Ann              | (171) 555-0297     | 35 King George                | NULL
             | London            | NULL          | WX3 6FW    | UK          |                   1501 |    77000.00 | HB150714    | 2003-11-23  |  37455.77 |
|            328 | Tekni Collectables Inc.            | Brown           | William          | 2015559350         | 7476 Moss Rd.                 | NULL
             | Newark            | NJ            | 94019      | USA         |                   1323 |    43000.00 | EN930356    | 2004-04-16  |   7178.66 |
|            328 | Tekni Collectables Inc.            | Brown           | William          | 2015559350         | 7476 Moss Rd.                 | NULL
             | Newark            | NJ            | 94019      | USA         |                   1323 |    43000.00 | NR631421    | 2004-05-30  |  31102.85 |
|            333 | Australian Gift Network, Co        | Calaghan        | Ben              | 61-7-3844-6555     | 31 Duncan St. West End        | NULL
             | South Brisbane    | Queensland    | 4101       | Australia   |                   1611 |    51600.00 | HL209210    | 2003-11-15  |  23936.53 |
|            333 | Australian Gift Network, Co        | Calaghan        | Ben              | 61-7-3844-6555     | 31 Duncan St. West End        | NULL
             | South Brisbane    | Queensland    | 4101       | Australia   |                   1611 |    51600.00 | JK479662    | 2003-10-17  |   9821.32 |
|            333 | Australian Gift Network, Co        | Calaghan        | Ben              | 61-7-3844-6555     | 31 Duncan St. West End        | NULL
             | South Brisbane    | Queensland    | 4101       | Australia   |                   1611 |    51600.00 | NF959653    | 2005-03-01  |  21432.31 |
|            334 | Suominen Souveniers                | Suominen        | Kalle            | +358 9 8045 555    | Software Engineering Center   | SEC Oy
             | Espoo             | NULL          | FIN-02271  | Finland     |                   1501 |    98800.00 | CS435306    | 2005-01-27  |  45785.34 |
|            334 | Suominen Souveniers                | Suominen        | Kalle            | +358 9 8045 555    | Software Engineering Center   | SEC Oy
             | Espoo             | NULL          | FIN-02271  | Finland     |                   1501 |    98800.00 | HH517378    | 2003-08-16  |  29716.86 |
|            334 | Suominen Souveniers                | Suominen        | Kalle            | +358 9 8045 555    | Software Engineering Center   | SEC Oy
             | Espoo             | NULL          | FIN-02271  | Finland     |                   1501 |    98800.00 | LF737277    | 2004-05-22  |  28394.54 |
|            339 | Classic Gift Ideas, Inc            | Cervantes       | Francisca        | 2155554695         | 782 First Street              | NULL
             | Philadelphia      | PA            | 71270      | USA         |                   1188 |    81100.00 | AP286625    | 2004-10-24  |  23333.06 |
|            339 | Classic Gift Ideas, Inc            | Cervantes       | Francisca        | 2155554695         | 782 First Street              | NULL
             | Philadelphia      | PA            | 71270      | USA         |                   1188 |    81100.00 | DA98827     | 2003-11-28  |  34606.28 |
|            344 | CAF Imports                        | Fernandez       | Jesus            | +34 913 728 555    | Merchants House               | 27-30 Merchant's Quay    | Madrid            | NULL          | 28023      | Spain       |                   1702 |    59600.00 | AF246722    | 2003-11-24  |  31428.21 |
|            344 | CAF Imports                        | Fernandez       | Jesus            | +34 913 728 555    | Merchants House               | 27-30 Merchant's Quay    | Madrid            | NULL          | 28023      | Spain       |                   1702 |    59600.00 | NJ906924    | 2004-04-02  |  15322.93 |
|            347 | Men 'R' US Retailers, Ltd.         | Chandler        | Brian            | 2155554369         | 6047 Douglas Av.              | NULL
             | Los Angeles       | CA            | 91003      | USA         |                   1166 |    57700.00 | DG700707    | 2004-01-18  |  21053.69 |
|            347 | Men 'R' US Retailers, Ltd.         | Chandler        | Brian            | 2155554369         | 6047 Douglas Av.              | NULL
             | Los Angeles       | CA            | 91003      | USA         |                   1166 |    57700.00 | LG808674    | 2003-10-24  |  20452.50 |
|            350 | Marseille Mini Autos               | Lebihan         | Laurence         | 91.24.4555         | 12, rue des Bouchers          | NULL
             | Marseille         | NULL          | 13008      | France      |                   1337 |    65000.00 | BQ602907    | 2004-12-11  |  18888.31 |
|            350 | Marseille Mini Autos               | Lebihan         | Laurence         | 91.24.4555         | 12, rue des Bouchers          | NULL
             | Marseille         | NULL          | 13008      | France      |                   1337 |    65000.00 | CI471510    | 2003-05-25  |  50824.66 |
|            350 | Marseille Mini Autos               | Lebihan         | Laurence         | 91.24.4555         | 12, rue des Bouchers          | NULL
             | Marseille         | NULL          | 13008      | France      |                   1337 |    65000.00 | OB648482    | 2005-01-29  |   1834.56 |
|            353 | Reims Collectables                 | Henriot         | Paul             | 26.47.1555         | 59 rue de l'Abbaye            | NULL
             | Reims             | NULL          | 51100      | France      |                   1337 |    81100.00 | CO351193    | 2005-01-10  |  49705.52 |
|            353 | Reims Collectables                 | Henriot         | Paul             | 26.47.1555         | 59 rue de l'Abbaye            | NULL
             | Reims             | NULL          | 51100      | France      |                   1337 |    81100.00 | ED878227    | 2003-07-21  |  13920.26 |
|            353 | Reims Collectables                 | Henriot         | Paul             | 26.47.1555         | 59 rue de l'Abbaye            | NULL
             | Reims             | NULL          | 51100      | France      |                   1337 |    81100.00 | GT878649    | 2003-05-21  |  16700.47 |
|            353 | Reims Collectables                 | Henriot         | Paul             | 26.47.1555         | 59 rue de l'Abbaye            | NULL
             | Reims             | NULL          | 51100      | France      |                   1337 |    81100.00 | HJ618252    | 2005-06-09  |  46656.94 |
|            357 | GiftsForHim.com                    | MacKinlay       | Wales            | 64-9-3763555       | 199 Great North Road          | NULL
             | Auckland          | NULL          | NULL       | New Zealand |                   1612 |    77700.00 | AG240323    | 2003-12-16  |  20220.04 |
|            357 | GiftsForHim.com                    | MacKinlay       | Wales            | 64-9-3763555       | 199 Great North Road          | NULL
             | Auckland          | NULL          | NULL       | New Zealand |                   1612 |    77700.00 | NB291497    | 2004-05-15  |  36442.34 |
|            362 | Gifts4AllAges.com                  | Yoshido         | Juri             | 6175559555         | 8616 Spinnaker Dr.            | NULL
             | Boston            | MA            | 51003      | USA         |                   1216 |    41900.00 | FP170292    | 2004-07-11  |  18473.71 |
|            362 | Gifts4AllAges.com                  | Yoshido         | Juri             | 6175559555         | 8616 Spinnaker Dr.            | NULL
             | Boston            | MA            | 51003      | USA         |                   1216 |    41900.00 | OG208861    | 2004-09-21  |  15059.76 |
|            363 | Online Diecast Creations Co.       | Young           | Dorothy          | 6035558647         | 2304 Long Airport Avenue      | NULL
             | Nashua            | NH            | 62005      | USA         |                   1216 |   114200.00 | HL575273    | 2004-11-17  |  50799.69 |
|            363 | Online Diecast Creations Co.       | Young           | Dorothy          | 6035558647         | 2304 Long Airport Avenue      | NULL
             | Nashua            | NH            | 62005      | USA         |                   1216 |   114200.00 | IS232033    | 2003-01-16  |  10223.83 |
|            363 | Online Diecast Creations Co.       | Young           | Dorothy          | 6035558647         | 2304 Long Airport Avenue      | NULL
             | Nashua            | NH            | 62005      | USA         |                   1216 |   114200.00 | PN238558    | 2003-12-05  |  55425.77 |
|            379 | Collectables For Less Inc.         | Nelson          | Allen            | 6175558555         | 7825 Douglas Av.              | NULL
             | Brickhaven        | MA            | 58339      | USA         |                   1188 |    70700.00 | CA762595    | 2005-02-12  |  28322.83 |
|            379 | Collectables For Less Inc.         | Nelson          | Allen            | 6175558555         | 7825 Douglas Av.              | NULL
             | Brickhaven        | MA            | 58339      | USA         |                   1188 |    70700.00 | FR499138    | 2003-09-16  |  32680.31 |
|            379 | Collectables For Less Inc.         | Nelson          | Allen            | 6175558555         | 7825 Douglas Av.              | NULL
             | Brickhaven        | MA            | 58339      | USA         |                   1188 |    70700.00 | GB890854    | 2004-08-02  |  12530.51 |
|            381 | Royale Belge                       | Cartrain        | Pascale          | (071) 23 67 2555   | Boulevard Tirou, 255          | NULL
             | Charleroi         | NULL          | B-6000     | Belgium     |                   1401 |    23500.00 | BC726082    | 2004-12-03  |  12081.52 |
|            381 | Royale Belge                       | Cartrain        | Pascale          | (071) 23 67 2555   | Boulevard Tirou, 255          | NULL
             | Charleroi         | NULL          | B-6000     | Belgium     |                   1401 |    23500.00 | CC475233    | 2003-04-19  |   1627.56 |
|            381 | Royale Belge                       | Cartrain        | Pascale          | (071) 23 67 2555   | Boulevard Tirou, 255          | NULL
             | Charleroi         | NULL          | B-6000     | Belgium     |                   1401 |    23500.00 | GB117430    | 2005-02-03  |  14379.90 |
|            381 | Royale Belge                       | Cartrain        | Pascale          | (071) 23 67 2555   | Boulevard Tirou, 255          | NULL
             | Charleroi         | NULL          | B-6000     | Belgium     |                   1401 |    23500.00 | MS154481    | 2003-08-22  |   1128.20 |
|            382 | Salzburg Collectables              | Pipps           | Georg            | 6562-9555          | Geislweg 14                   | NULL
             | Salzburg          | NULL          | 5020       | Austria     |                   1401 |    71700.00 | CC871084    | 2003-05-12  |  35826.33 |
|            382 | Salzburg Collectables              | Pipps           | Georg            | 6562-9555          | Geislweg 14                   | NULL
             | Salzburg          | NULL          | 5020       | Austria     |                   1401 |    71700.00 | CT821147    | 2004-08-01  |   6419.84 |
|            382 | Salzburg Collectables              | Pipps           | Georg            | 6562-9555          | Geislweg 14                   | NULL
             | Salzburg          | NULL          | 5020       | Austria     |                   1401 |    71700.00 | PH29054     | 2004-11-27  |  42813.83 |
|            385 | Cruz & Sons Co.                    | Cruz            | Arnold           | +63 2 555 3587     | 15 McCallum Street            | NatWest Center #13-03    | Makati City       | NULL          | 1227 MM    | Philippines |                   1621 |    81500.00 | BN347084    | 2003-12-02  |  20644.24 |
|            385 | Cruz & Sons Co.                    | Cruz            | Arnold           | +63 2 555 3587     | 15 McCallum Street            | NatWest Center #13-03    | Makati City       | NULL          | 1227 MM    | Philippines |                   1621 |    81500.00 | CP804873    | 2004-11-19  |  15822.84 |
|            385 | Cruz & Sons Co.                    | Cruz            | Arnold           | +63 2 555 3587     | 15 McCallum Street            | NatWest Center #13-03    | Makati City       | NULL          | 1227 MM    | Philippines |                   1621 |    81500.00 | EK785462    | 2003-03-09  |  51001.22 |
|            386 | L'ordine Souveniers                | Moroni          | Maurizio         | 0522-556555        | Strada Provinciale 124        | NULL
             | Reggio Emilia     | NULL          | 42100      | Italy       |                   1401 |   121400.00 | DO106109    | 2003-11-18  |  38524.29 |
|            386 | L'ordine Souveniers                | Moroni          | Maurizio         | 0522-556555        | Strada Provinciale 124        | NULL
             | Reggio Emilia     | NULL          | 42100      | Italy       |                   1401 |   121400.00 | HG438769    | 2004-07-18  |  51619.02 |
|            398 | Tokyo Collectables, Ltd            | Shimamura       | Akiko            | +81 3 3584 0555    | 2-2-8 Roppongi                | NULL
             | Minato-ku         | Tokyo         | 106-0032   | Japan       |                   1621 |    94400.00 | AJ478695    | 2005-02-14  |  33967.73 |
|            398 | Tokyo Collectables, Ltd            | Shimamura       | Akiko            | +81 3 3584 0555    | 2-2-8 Roppongi                | NULL
             | Minato-ku         | Tokyo         | 106-0032   | Japan       |                   1621 |    94400.00 | DO787644    | 2004-06-21  |  22037.91 |
|            398 | Tokyo Collectables, Ltd            | Shimamura       | Akiko            | +81 3 3584 0555    | 2-2-8 Roppongi                | NULL
             | Minato-ku         | Tokyo         | 106-0032   | Japan       |                   1621 |    94400.00 | JPMR4544    | 2005-05-18  |    615.45 |
|            398 | Tokyo Collectables, Ltd            | Shimamura       | Akiko            | +81 3 3584 0555    | 2-2-8 Roppongi                | NULL
             | Minato-ku         | Tokyo         | 106-0032   | Japan       |                   1621 |    94400.00 | KB54275     | 2004-11-29  |  48927.64 |
|            406 | Auto Canal+ Petit                  | Perrier         | Dominique        | (1) 47.55.6555     | 25, rue Lauriston             | NULL
             | Paris             | NULL          | 75016      | France      |                   1337 |    95000.00 | BJMPR4545   | 2005-04-23  |  12190.85 |
|            406 | Auto Canal+ Petit                  | Perrier         | Dominique        | (1) 47.55.6555     | 25, rue Lauriston             | NULL
             | Paris             | NULL          | 75016      | France      |                   1337 |    95000.00 | HJ217687    | 2004-01-28  |  49165.16 |
|            406 | Auto Canal+ Petit                  | Perrier         | Dominique        | (1) 47.55.6555     | 25, rue Lauriston             | NULL
             | Paris             | NULL          | 75016      | France      |                   1337 |    95000.00 | NA197101    | 2004-06-17  |  25080.96 |
|            412 | Extreme Desk Decorations, Ltd      | McRoy           | Sarah            | 04 499 9555        | 101 Lambton Quay              | Level 11
             | Wellington        | NULL          | NULL       | New Zealand |                   1612 |    86800.00 | GH197075    | 2004-07-25  |  35034.57 |
|            412 | Extreme Desk Decorations, Ltd      | McRoy           | Sarah            | 04 499 9555        | 101 Lambton Quay              | Level 11
             | Wellington        | NULL          | NULL       | New Zealand |                   1612 |    86800.00 | PJ434867    | 2004-04-14  |  31670.37 |
|            415 | Bavarian Collectables Imports, Co. | Donnermeyer     | Michael          |  +49 89 61 08 9555 | Hansastr. 15                  | NULL
             | Munich            | NULL          | 80686      | Germany     |                   1504 |    77000.00 | ER54537     | 2004-09-28  |  31310.09 |
|            424 | Classic Legends Inc.               | Hernandez       | Maria            | 2125558493         | 5905 Pompton St.              | Suite 750
             | NYC               | NY            | 10022      | USA         |                   1286 |    67500.00 | KF480160    | 2004-12-07  |  25505.98 |
|            424 | Classic Legends Inc.               | Hernandez       | Maria            | 2125558493         | 5905 Pompton St.              | Suite 750
             | NYC               | NY            | 10022      | USA         |                   1286 |    67500.00 | LM271923    | 2003-04-16  |  21665.98 |
|            424 | Classic Legends Inc.               | Hernandez       | Maria            | 2125558493         | 5905 Pompton St.              | Suite 750
             | NYC               | NY            | 10022      | USA         |                   1286 |    67500.00 | OA595449    | 2003-10-31  |  22042.37 |
|            447 | Gift Ideas Corp.                   | Lewis           | Dan              | 2035554407         | 2440 Pompton St.              | NULL
             | Glendale          | CT            | 97561      | USA         |                   1323 |    49700.00 | AO757239    | 2003-09-15  |   6631.36 |
|            447 | Gift Ideas Corp.                   | Lewis           | Dan              | 2035554407         | 2440 Pompton St.              | NULL
             | Glendale          | CT            | 97561      | USA         |                   1323 |    49700.00 | ER615123    | 2003-06-25  |  17032.29 |
|            447 | Gift Ideas Corp.                   | Lewis           | Dan              | 2035554407         | 2440 Pompton St.              | NULL
             | Glendale          | CT            | 97561      | USA         |                   1323 |    49700.00 | OU516561    | 2004-12-17  |  26304.13 |
|            448 | Scandinavian Gift Ideas            | Larsson         | Martha           | 0695-34 6555       | Åkergatan 24                  | NULL
             | Bräcke            | NULL          | S-844 67   | Sweden      |                   1504 |   116400.00 | FS299615    | 2005-04-18  |  27966.54 |
|            448 | Scandinavian Gift Ideas            | Larsson         | Martha           | 0695-34 6555       | Åkergatan 24                  | NULL
             | Bräcke            | NULL          | S-844 67   | Sweden      |                   1504 |   116400.00 | KR822727    | 2004-09-30  |  48809.90 |
|            450 | The Sharp Gifts Warehouse          | Frick           | Sue              | 4085553659         | 3086 Ingle Ln.                | NULL
             | San Jose          | CA            | 94217      | USA         |                   1165 |    77600.00 | EF485824    | 2004-06-21  |  59551.38 |
|            452 | Mini Auto Werke                    | Mendel          | Roland           | 7675-3555          | Kirchgasse 6                  | NULL
             | Graz              | NULL          | 8010       | Austria     |                   1401 |    45300.00 | ED473873    | 2003-11-15  |  27121.90 |
|            452 | Mini Auto Werke                    | Mendel          | Roland           | 7675-3555          | Kirchgasse 6                  | NULL
             | Graz              | NULL          | 8010       | Austria     |                   1401 |    45300.00 | FN640986    | 2003-11-20  |  15130.97 |
|            452 | Mini Auto Werke                    | Mendel          | Roland           | 7675-3555          | Kirchgasse 6                  | NULL
             | Graz              | NULL          | 8010       | Austria     |                   1401 |    45300.00 | HG635467    | 2005-05-03  |   8807.12 |
|            455 | Super Scale Inc.                   | Murphy          | Leslie           | 2035559545         | 567 North Pendale Street      | NULL
             | New Haven         | CT            | 97823      | USA         |                   1286 |    95400.00 | HA777606    | 2003-12-05  |  38139.18 |
|            455 | Super Scale Inc.                   | Murphy          | Leslie           | 2035559545         | 567 North Pendale Street      | NULL
             | New Haven         | CT            | 97823      | USA         |                   1286 |    95400.00 | IR662429    | 2004-05-12  |  32239.47 |
|            456 | Microscale Inc.                    | Choi            | Yu               | 2125551957         | 5290 North Pendale Street     | Suite 200
             | NYC               | NY            | 10022      | USA         |                   1286 |    39800.00 | GJ715659    | 2004-11-13  |  27550.51 |
|            456 | Microscale Inc.                    | Choi            | Yu               | 2125551957         | 5290 North Pendale Street     | Suite 200
             | NYC               | NY            | 10022      | USA         |                   1286 |    39800.00 | MO743231    | 2004-04-30  |   1679.92 |
|            458 | Corrida Auto Replicas, Ltd         | Sommer          | Martín           | (91) 555 22 82     | C/ Araquil, 67                | NULL
             | Madrid            | NULL          | 28023      | Spain       |                   1702 |   104600.00 | DD995006    | 2004-11-15  |  33145.56 |
|            458 | Corrida Auto Replicas, Ltd         | Sommer          | Martín           | (91) 555 22 82     | C/ Araquil, 67                | NULL
             | Madrid            | NULL          | 28023      | Spain       |                   1702 |   104600.00 | NA377824    | 2004-02-06  |  22162.61 |
|            458 | Corrida Auto Replicas, Ltd         | Sommer          | Martín           | (91) 555 22 82     | C/ Araquil, 67                | NULL
             | Madrid            | NULL          | 28023      | Spain       |                   1702 |   104600.00 | OO606861    | 2003-06-13  |  57131.92 |
|            462 | FunGiftIdeas.com                   | Benitez         | Violeta          | 5085552555         | 1785 First Street             | NULL
             | New Bedford       | MA            | 50553      | USA         |                   1216 |    85800.00 | ED203908    | 2005-04-15  |  30293.77 |
|            462 | FunGiftIdeas.com                   | Benitez         | Violeta          | 5085552555         | 1785 First Street             | NULL
             | New Bedford       | MA            | 50553      | USA         |                   1216 |    85800.00 | GC60330     | 2003-11-08  |   9977.85 |
|            462 | FunGiftIdeas.com                   | Benitez         | Violeta          | 5085552555         | 1785 First Street             | NULL
             | New Bedford       | MA            | 50553      | USA         |                   1216 |    85800.00 | PE176846    | 2004-11-27  |  48355.87 |
|            471 | Australian Collectables, Ltd       | Clenahan        | Sean             | 61-9-3844-6555     | 7 Allen Street                | NULL
             | Glen Waverly      | Victoria      | 3150       | Australia   |                   1611 |    60300.00 | AB661578    | 2004-07-28  |   9415.13 |
|            471 | Australian Collectables, Ltd       | Clenahan        | Sean             | 61-9-3844-6555     | 7 Allen Street                | NULL
             | Glen Waverly      | Victoria      | 3150       | Australia   |                   1611 |    60300.00 | CO645196    | 2003-12-10  |  35505.63 |
|            473 | Frau da Collezione                 | Ricotti         | Franco           | +39 022515555      | 20093 Cologno Monzese         | Alessandro Volta 16      | Milan             | NULL          | NULL       | Italy       |                   1401 |    34800.00 | LL427009    | 2004-02-17  |   7612.06 |
|            473 | Frau da Collezione                 | Ricotti         | Franco           | +39 022515555      | 20093 Cologno Monzese         | Alessandro Volta 16      | Milan             | NULL          | NULL       | Italy       |                   1401 |    34800.00 | PC688499    | 2003-10-27  |  17746.26 |
|            475 | West Coast Collectables Co.        | Thompson        | Steve            | 3105553722         | 3675 Furth Circle             | NULL
             | Burbank           | CA            | 94019      | USA         |                   1166 |    55400.00 | JP113227    | 2003-12-09  |   7678.25 |
|            475 | West Coast Collectables Co.        | Thompson        | Steve            | 3105553722         | 3675 Furth Circle             | NULL
             | Burbank           | CA            | 94019      | USA         |                   1166 |    55400.00 | PB951268    | 2004-02-13  |  36070.47 |
|            484 | Iberia Gift Imports, Corp.         | Roel            | José Pedro       | (95) 555 82 82     | C/ Romero, 33                 | NULL
             | Sevilla           | NULL          | 41101      | Spain       |                   1702 |    65700.00 | GK294076    | 2004-10-26  |   3474.66 |
|            484 | Iberia Gift Imports, Corp.         | Roel            | José Pedro       | (95) 555 82 82     | C/ Romero, 33                 | NULL
             | Sevilla           | NULL          | 41101      | Spain       |                   1702 |    65700.00 | JH546765    | 2003-11-29  |  47513.19 |
|            486 | Motor Mint Distributors Inc.       | Salazar         | Rosa             | 2155559857         | 11328 Douglas Av.             | NULL
             | Philadelphia      | PA            | 71270      | USA         |                   1323 |    72600.00 | BL66528     | 2004-04-14  |   5899.38 |
|            486 | Motor Mint Distributors Inc.       | Salazar         | Rosa             | 2155559857         | 11328 Douglas Av.             | NULL
             | Philadelphia      | PA            | 71270      | USA         |                   1323 |    72600.00 | HS86661     | 2004-11-23  |  45994.07 |
|            486 | Motor Mint Distributors Inc.       | Salazar         | Rosa             | 2155559857         | 11328 Douglas Av.             | NULL
             | Philadelphia      | PA            | 71270      | USA         |                   1323 |    72600.00 | JB117768    | 2003-03-20  |  25833.14 |
|            487 | Signal Collectibles Ltd.           | Taylor          | Sue              | 4155554312         | 2793 Furth Circle             | NULL
             | Brisbane          | CA            | 94217      | USA         |                   1165 |    60300.00 | AH612904    | 2003-09-28  |  29997.09 |
|            487 | Signal Collectibles Ltd.           | Taylor          | Sue              | 4155554312         | 2793 Furth Circle             | NULL
             | Brisbane          | CA            | 94217      | USA         |                   1165 |    60300.00 | PT550181    | 2004-02-29  |  12573.28 |
|            489 | Double Decker Gift Stores, Ltd     | Smith           | Thomas           | (171) 555-7555     | 120 Hanover Sq.               | NULL
             | London            | NULL          | WA1 1DP    | UK          |                   1501 |    43300.00 | OC773849    | 2003-12-04  |  22275.73 |
|            489 | Double Decker Gift Stores, Ltd     | Smith           | Thomas           | (171) 555-7555     | 120 Hanover Sq.               | NULL
             | London            | NULL          | WA1 1DP    | UK          |                   1501 |    43300.00 | PO860906    | 2004-01-31  |   7310.42 |
|            495 | Diecast Collectables               | Franco          | Valarie          | 6175552555         | 6251 Ingle Ln.                | NULL
             | Boston            | MA            | 51003      | USA         |                   1188 |    85100.00 | BH167026    | 2003-12-26  |  59265.14 |
|            495 | Diecast Collectables               | Franco          | Valarie          | 6175552555         | 6251 Ingle Ln.                | NULL
             | Boston            | MA            | 51003      | USA         |                   1188 |    85100.00 | FN155234    | 2004-05-14  |   6276.60 |
|            496 | Kelly's Gift Shop                  | Snowden         | Tony             | +64 9 5555500      | Arenales 1938 3'A'            | NULL
             | Auckland          | NULL          | NULL       | New Zealand |                   1612 |   110000.00 | EU531600    | 2005-05-25  |  30253.75 |
|            496 | Kelly's Gift Shop                  | Snowden         | Tony             | +64 9 5555500      | Arenales 1938 3'A'            | NULL
             | Auckland          | NULL          | NULL       | New Zealand |                   1612 |   110000.00 | MB342426    | 2003-07-16  |  32077.44 |
|            496 | Kelly's Gift Shop                  | Snowden         | Tony             | +64 9 5555500      | Arenales 1938 3'A'            | NULL
             | Auckland          | NULL          | NULL       | New Zealand |                   1612 |   110000.00 | MN89921     | 2004-12-31  |  52166.00 |
+----------------+------------------------------------+-----------------+------------------+--------------------+-------------------------------+--------------------------+-------------------+---------------+------------+-------------+------------------------+-------------+-------------+-------------+-----------+
273 rows in set (0.00 sec)

mysql> select avg(amoun) from payments;
ERROR 1054 (42S22): Unknown column 'amoun' in 'field list'
mysql> select avg(amount) from payments;
+--------------+
| avg(amount)  |
+--------------+
| 32431.645531 |
+--------------+
1 row in set (0.00 sec)

mysql> select count(amount) from payments;
+---------------+
| count(amount) |
+---------------+
|           273 |
+---------------+
1 row in set (0.00 sec)

mysql> select max(amount) from payments;
+-------------+
| max(amount) |
+-------------+
|   120166.58 |
+-------------+
1 row in set (0.00 sec)

mysql> select min(amount) from payments;
+-------------+
| min(amount) |
+-------------+
|      615.45 |
+-------------+
1 row in set (0.00 sec)

mysql> select sum(amount) from payments;
+-------------+
| sum(amount) |
+-------------+
|  8853839.23 |
+-------------+
1 row in set (0.00 sec)

mysql> select checkNumber,sum(amount) from payments group by customerNumber;
ERROR 1055 (42000): Expression #1 of SELECT list is not in GROUP BY clause and contains nonaggregated column 'classicmodels.payments.checkNumber' which is not functionally dependent on columns in GROUP BY clause; this is incompatible with sql_mode=only_full_group_by
mysql> select customerNumber,checkNumber,sum(amount) from payments group by customerNumber;
ERROR 1055 (42000): Expression #2 of SELECT list is not in GROUP BY clause and contains nonaggregated column 'classicmodels.payments.checkNumber' which is not functionally dependent on columns in GROUP BY clause; this is incompatible with sql_mode=only_full_group_by
mysql> select customerNumber,sum(amount) from payments group by customerNumber;
+----------------+-------------+
| customerNumber | sum(amount) |
+----------------+-------------+
|            103 |    22314.36 |
|            112 |    80180.98 |
|            114 |   180585.07 |
|            119 |   116949.68 |
|            121 |   104224.79 |
|            124 |   584188.24 |
|            128 |    75937.76 |
|            129 |    66710.56 |
|            131 |   107639.94 |
|            141 |   715738.98 |
|            144 |    43680.65 |
|            145 |   107446.50 |
|            146 |   130305.35 |
|            148 |   156251.03 |
|            151 |   177913.95 |
|            157 |    98509.25 |
|            161 |   104545.22 |
|            166 |   105420.57 |
|            167 |    97562.47 |
|            171 |    61781.70 |
|            172 |    86553.52 |
|            173 |    32198.69 |
|            175 |    95424.63 |
|            177 |    62361.22 |
|            181 |    72497.64 |
|            186 |    95546.46 |
|            187 |   148410.09 |
|            189 |    49898.27 |
|            198 |    21554.26 |
|            201 |    61167.18 |
|            202 |    70122.19 |
|            204 |    55577.26 |
|            205 |    93803.30 |
|            209 |    75859.32 |
|            211 |    45480.79 |
|            216 |    68520.47 |
|            219 |     7918.60 |
|            227 |    89909.80 |
|            233 |    68977.67 |
|            239 |    80375.24 |
|            240 |    71783.75 |
|            242 |    60483.36 |
|            249 |    82223.23 |
|            250 |    67659.19 |
|            256 |    58876.41 |
|            259 |    89223.14 |
|            260 |    66812.00 |
|            276 |   137034.22 |
|            278 |   127529.69 |
|            282 |    91655.61 |
|            286 |    90545.37 |
|            298 |   108777.92 |
|            299 |    69059.04 |
|            311 |    95706.15 |
|            314 |    62253.85 |
|            319 |    78432.16 |
|            320 |   101872.52 |
|            321 |   132340.78 |
|            323 |   154622.08 |
|            324 |    80556.73 |
|            328 |    38281.51 |
|            333 |    55190.16 |
|            334 |   103896.74 |
|            339 |    57939.34 |
|            344 |    46751.14 |
|            347 |    41506.19 |
|            350 |    71547.53 |
|            353 |   126983.19 |
|            357 |    56662.38 |
|            362 |    33533.47 |
|            363 |   116449.29 |
|            379 |    73533.65 |
|            381 |    29217.18 |
|            382 |    85060.00 |
|            385 |    87468.30 |
|            386 |    90143.31 |
|            398 |   105548.73 |
|            406 |    86436.97 |
|            412 |    66704.94 |
|            415 |    31310.09 |
|            424 |    69214.33 |
|            447 |    49967.78 |
|            448 |    76776.44 |
|            450 |    59551.38 |
|            452 |    51059.99 |
|            455 |    70378.65 |
|            456 |    29230.43 |
|            458 |   112440.09 |
|            462 |    88627.49 |
|            471 |    44920.76 |
|            473 |    25358.32 |
|            475 |    43748.72 |
|            484 |    50987.85 |
|            486 |    77726.59 |
|            487 |    42570.37 |
|            489 |    29586.15 |
|            495 |    65541.74 |
|            496 |   114497.19 |
+----------------+-------------+
98 rows in set (0.00 sec)

mysql> select customerNumber,sum(amount) from payments where customerNumber = 103 or customerNumber = 112 group by customerNumber having sum(amount)>6000;
+----------------+-------------+
| customerNumber | sum(amount) |
+----------------+-------------+
|            103 |    22314.36 |
|            112 |    80180.98 |
+----------------+-------------+
2 rows in set (0.00 sec)

mysql> select checkNumber into cNumbert from payments where customerNumber = 103;
ERROR 1327 (42000): Undeclared variable: cNumbert
mysql> select checkNumber into cNumber from payments where customerNumber = 103;
ERROR 1327 (42000): Undeclared variable: cNumber
mysql> select checkNumber into cNumber from payments where customerNumber = 103;
ERROR 1327 (42000): Undeclared variable: cNumber
mysql> select c.customerNumber, c.checkNumber from customers as c;
ERROR 1054 (42S22): Unknown column 'c.checkNumber' in 'field list'
mysql> select c.customerNumber, c.customerName from customers as c;
+----------------+------------------------------------+
| customerNumber | customerName                       |
+----------------+------------------------------------+
|            103 | Atelier graphique                  |
|            112 | Signal Gift Stores                 |
|            114 | Australian Collectors, Co.         |
|            119 | La Rochelle Gifts                  |
|            121 | Baane Mini Imports                 |
|            124 | Mini Gifts Distributors Ltd.       |
|            125 | Havel & Zbyszek Co                 |
|            128 | Blauer See Auto, Co.               |
|            129 | Mini Wheels Co.                    |
|            131 | Land of Toys Inc.                  |
|            141 | Euro+ Shopping Channel             |
|            144 | Volvo Model Replicas, Co           |
|            145 | Danish Wholesale Imports           |
|            146 | Saveley & Henriot, Co.             |
|            148 | Dragon Souveniers, Ltd.            |
|            151 | Muscle Machine Inc                 |
|            157 | Diecast Classics Inc.              |
|            161 | Technics Stores Inc.               |
|            166 | Handji Gifts& Co                   |
|            167 | Herkku Gifts                       |
|            168 | American Souvenirs Inc             |
|            169 | Porto Imports Co.                  |
|            171 | Daedalus Designs Imports           |
|            172 | La Corne D'abondance, Co.          |
|            173 | Cambridge Collectables Co.         |
|            175 | Gift Depot Inc.                    |
|            177 | Osaka Souveniers Co.               |
|            181 | Vitachrome Inc.                    |
|            186 | Toys of Finland, Co.               |
|            187 | AV Stores, Co.                     |
|            189 | Clover Collections, Co.            |
|            198 | Auto-Moto Classics Inc.            |
|            201 | UK Collectables, Ltd.              |
|            202 | Canadian Gift Exchange Network     |
|            204 | Online Mini Collectables           |
|            205 | Toys4GrownUps.com                  |
|            206 | Asian Shopping Network, Co         |
|            209 | Mini Caravy                        |
|            211 | King Kong Collectables, Co.        |
|            216 | Enaco Distributors                 |
|            219 | Boards & Toys Co.                  |
|            223 | Natürlich Autos                    |
|            227 | Heintze Collectables               |
|            233 | Québec Home Shopping Network       |
|            237 | ANG Resellers                      |
|            239 | Collectable Mini Designs Co.       |
|            240 | giftsbymail.co.uk                  |
|            242 | Alpha Cognac                       |
|            247 | Messner Shopping Network           |
|            249 | Amica Models & Co.                 |
|            250 | Lyon Souveniers                    |
|            256 | Auto Associés & Cie.               |
|            259 | Toms Spezialitäten, Ltd            |
|            260 | Royal Canadian Collectables, Ltd.  |
|            273 | Franken Gifts, Co                  |
|            276 | Anna's Decorations, Ltd            |
|            278 | Rovelli Gifts                      |
|            282 | Souveniers And Things Co.          |
|            286 | Marta's Replicas Co.               |
|            293 | BG&E Collectables                  |
|            298 | Vida Sport, Ltd                    |
|            299 | Norway Gifts By Mail, Co.          |
|            303 | Schuyler Imports                   |
|            307 | Der Hund Imports                   |
|            311 | Oulu Toy Supplies, Inc.            |
|            314 | Petit Auto                         |
|            319 | Mini Classics                      |
|            320 | Mini Creations Ltd.                |
|            321 | Corporate Gift Ideas Co.           |
|            323 | Down Under Souveniers, Inc         |
|            324 | Stylish Desk Decors, Co.           |
|            328 | Tekni Collectables Inc.            |
|            333 | Australian Gift Network, Co        |
|            334 | Suominen Souveniers                |
|            335 | Cramer Spezialitäten, Ltd          |
|            339 | Classic Gift Ideas, Inc            |
|            344 | CAF Imports                        |
|            347 | Men 'R' US Retailers, Ltd.         |
|            348 | Asian Treasures, Inc.              |
|            350 | Marseille Mini Autos               |
|            353 | Reims Collectables                 |
|            356 | SAR Distributors, Co               |
|            357 | GiftsForHim.com                    |
|            361 | Kommission Auto                    |
|            362 | Gifts4AllAges.com                  |
|            363 | Online Diecast Creations Co.       |
|            369 | Lisboa Souveniers, Inc             |
|            376 | Precious Collectables              |
|            379 | Collectables For Less Inc.         |
|            381 | Royale Belge                       |
|            382 | Salzburg Collectables              |
|            385 | Cruz & Sons Co.                    |
|            386 | L'ordine Souveniers                |
|            398 | Tokyo Collectables, Ltd            |
|            406 | Auto Canal+ Petit                  |
|            409 | Stuttgart Collectable Exchange     |
|            412 | Extreme Desk Decorations, Ltd      |
|            415 | Bavarian Collectables Imports, Co. |
|            424 | Classic Legends Inc.               |
|            443 | Feuer Online Stores, Inc           |
|            447 | Gift Ideas Corp.                   |
|            448 | Scandinavian Gift Ideas            |
|            450 | The Sharp Gifts Warehouse          |
|            452 | Mini Auto Werke                    |
|            455 | Super Scale Inc.                   |
|            456 | Microscale Inc.                    |
|            458 | Corrida Auto Replicas, Ltd         |
|            459 | Warburg Exchange                   |
|            462 | FunGiftIdeas.com                   |
|            465 | Anton Designs, Ltd.                |
|            471 | Australian Collectables, Ltd       |
|            473 | Frau da Collezione                 |
|            475 | West Coast Collectables Co.        |
|            477 | Mit Vergnügen & Co.                |
|            480 | Kremlin Collectables, Co.          |
|            481 | Raanan Stores, Inc                 |
|            484 | Iberia Gift Imports, Corp.         |
|            486 | Motor Mint Distributors Inc.       |
|            487 | Signal Collectibles Ltd.           |
|            489 | Double Decker Gift Stores, Ltd     |
|            495 | Diecast Collectables               |
|            496 | Kelly's Gift Shop                  |
+----------------+------------------------------------+
122 rows in set (0.00 sec)

mysql> select amount from payments where amount = 8000;
Empty set (0.00 sec)

mysql> select amount from payments where amount = 4000;
Empty set (0.00 sec)

mysql> select amount from payments where amount < 8000;
+---------+
| amount  |
+---------+
| 6066.78 |
| 1676.14 |
| 7565.08 |
| 1491.38 |
| 7466.32 |
| 7674.94 |
| 4710.73 |
| 2611.84 |
| 3516.04 |
| 2434.25 |
| 1960.80 |
| 5494.78 |
| 6036.96 |
| 5858.56 |
| 4424.40 |
| 3879.96 |
| 4632.31 |
| 3101.40 |
| 3452.75 |
| 4465.85 |
| 5759.42 |
| 2880.00 |
| 7178.66 |
| 1834.56 |
| 1627.56 |
| 1128.20 |
| 6419.84 |
|  615.45 |
| 6631.36 |
| 1679.92 |
| 7612.06 |
| 7678.25 |
| 3474.66 |
| 5899.38 |
| 7310.42 |
| 6276.60 |
+---------+
36 rows in set (0.00 sec)

mysql> select avg(amount) as avgsalary from payments;
+--------------+
| avgsalary    |
+--------------+
| 32431.645531 |
+--------------+
1 row in set (0.00 sec)

mysql> select count(*) from payments where customerNumber = 103;
+----------+
| count(*) |
+----------+
|        3 |
+----------+

mysql> create index nama_idx_emp on employees(employeeNumber, officeCode) using btree;
Query OK, 0 rows affected (0.10 sec)
Records: 0  Duplicates: 0  Warnings: 0

mysql> drop index nama_idx_emp on employees;
Query OK, 0 rows affected (0.07 sec)
Records: 0  Duplicates: 0  Warnings: 0

mysql> explain select * from customers where country = 'USA';
+----+-------------+-----------+------------+------+--------------------------+-------------+---------+-------+------+----------+-------+
| id | select_type | table     | partitions | type | possible_keys            | key         | key_len | ref   | rows | filtered | Extra |
+----+-------------+-----------+------------+------+--------------------------+-------------+---------+-------+------+----------+-------+
|  1 | SIMPLE      | customers | NULL       | ref  | nama_idx_cs,country_name | nama_idx_cs | 52      | const |   36 |   100.00 | NULL  |
+----+-------------+-----------+------------+------+--------------------------+-------------+---------+-------+------+----------+-------+
1 row in set, 1 warning (0.01 sec)

mysql> create index country_name on customers(country);
ERROR 1061 (42000): Duplicate key name 'country_name'
mysql> create index country_nama on customers(country);
Query OK, 0 rows affected, 1 warning (0.09 sec)
Records: 0  Duplicates: 0  Warnings: 1

mysql> explain select * from customers where country = 'USA';
+----+-------------+-----------+------------+------+---------------------------------------+-------------+---------+-------+------+----------+-------+
| id | select_type | table     | partitions | type | possible_keys                         | key         | key_len | ref   | rows | filtered | Extra |
+----+-------------+-----------+------------+------+---------------------------------------+-------------+---------+-------+------+----------+-------+
|  1 | SIMPLE      | customers | NULL       | ref  | nama_idx_cs,country_name,country_nama | nama_idx_cs | 52      | const |   36 |   100.00 | NULL  |
+----+-------------+-----------+------------+------+---------------------------------------+-------------+---------+-------+------+----------+-------+
1 row in set, 1 warning (0.00 sec)